Archive member included to satisfy reference by file (symbol)

/usr/lib/gcc/arm-none-eabi/12.2.1/thumb/v6-m/nofp/libgcc.a(_dvmd_tls.o)
                              CMakeFiles/main.dir/mnt/d/sdk/pico-sdk/src/rp2_common/pico_divider/divider.S.obj (__aeabi_idiv0)
/usr/lib/gcc/arm-none-eabi/12.2.1/../../../arm-none-eabi/lib/thumb/v6-m/nofp/libc.a(lib_a-atexit.o)
                              /usr/lib/gcc/arm-none-eabi/12.2.1/../../../arm-none-eabi/lib/thumb/v6-m/nofp/crt0.o (atexit)
/usr/lib/gcc/arm-none-eabi/12.2.1/../../../arm-none-eabi/lib/thumb/v6-m/nofp/libc.a(lib_a-calloc.o)
                              CMakeFiles/main.dir/mnt/d/sdk/pico-sdk/src/rp2_common/pico_malloc/pico_malloc.c.obj (calloc)
/usr/lib/gcc/arm-none-eabi/12.2.1/../../../arm-none-eabi/lib/thumb/v6-m/nofp/libc.a(lib_a-callocr.o)
                              /usr/lib/gcc/arm-none-eabi/12.2.1/../../../arm-none-eabi/lib/thumb/v6-m/nofp/libc.a(lib_a-calloc.o) (_calloc_r)
/usr/lib/gcc/arm-none-eabi/12.2.1/../../../arm-none-eabi/lib/thumb/v6-m/nofp/libc.a(lib_a-fini.o)
                              /usr/lib/gcc/arm-none-eabi/12.2.1/../../../arm-none-eabi/lib/thumb/v6-m/nofp/crt0.o (__libc_fini_array)
/usr/lib/gcc/arm-none-eabi/12.2.1/../../../arm-none-eabi/lib/thumb/v6-m/nofp/libc.a(lib_a-impure.o)
                              /usr/lib/gcc/arm-none-eabi/12.2.1/../../../arm-none-eabi/lib/thumb/v6-m/nofp/libc.a(lib_a-calloc.o) (_impure_ptr)
/usr/lib/gcc/arm-none-eabi/12.2.1/../../../arm-none-eabi/lib/thumb/v6-m/nofp/libc.a(lib_a-init.o)
                              /usr/lib/gcc/arm-none-eabi/12.2.1/../../../arm-none-eabi/lib/thumb/v6-m/nofp/crt0.o (__libc_init_array)
/usr/lib/gcc/arm-none-eabi/12.2.1/../../../arm-none-eabi/lib/thumb/v6-m/nofp/libc.a(lib_a-malloc.o)
                              CMakeFiles/main.dir/mnt/d/sdk/pico-sdk/src/rp2_common/pico_malloc/pico_malloc.c.obj (malloc)
/usr/lib/gcc/arm-none-eabi/12.2.1/../../../arm-none-eabi/lib/thumb/v6-m/nofp/libc.a(lib_a-mallocr.o)
                              /usr/lib/gcc/arm-none-eabi/12.2.1/../../../arm-none-eabi/lib/thumb/v6-m/nofp/libc.a(lib_a-callocr.o) (_malloc_r)
/usr/lib/gcc/arm-none-eabi/12.2.1/../../../arm-none-eabi/lib/thumb/v6-m/nofp/libc.a(lib_a-memcmp.o)
                              CMakeFiles/main.dir/mnt/d/sdk/pico-sdk/lib/cyw43-driver/src/cyw43_ll.c.obj (memcmp)
/usr/lib/gcc/arm-none-eabi/12.2.1/../../../arm-none-eabi/lib/thumb/v6-m/nofp/libc.a(lib_a-memmove.o)
                              CMakeFiles/main.dir/mnt/d/sdk/pico-sdk/lib/cyw43-driver/src/cyw43_ll.c.obj (memmove)
/usr/lib/gcc/arm-none-eabi/12.2.1/../../../arm-none-eabi/lib/thumb/v6-m/nofp/libc.a(lib_a-mlock.o)
                              /usr/lib/gcc/arm-none-eabi/12.2.1/../../../arm-none-eabi/lib/thumb/v6-m/nofp/libc.a(lib_a-mallocr.o) (__malloc_lock)
/usr/lib/gcc/arm-none-eabi/12.2.1/../../../arm-none-eabi/lib/thumb/v6-m/nofp/libc.a(lib_a-realloc.o)
                              CMakeFiles/main.dir/mnt/d/sdk/pico-sdk/src/rp2_common/pico_malloc/pico_malloc.c.obj (realloc)
/usr/lib/gcc/arm-none-eabi/12.2.1/../../../arm-none-eabi/lib/thumb/v6-m/nofp/libc.a(lib_a-reallocr.o)
                              /usr/lib/gcc/arm-none-eabi/12.2.1/../../../arm-none-eabi/lib/thumb/v6-m/nofp/libc.a(lib_a-realloc.o) (_realloc_r)
/usr/lib/gcc/arm-none-eabi/12.2.1/../../../arm-none-eabi/lib/thumb/v6-m/nofp/libc.a(lib_a-sbrkr.o)
                              /usr/lib/gcc/arm-none-eabi/12.2.1/../../../arm-none-eabi/lib/thumb/v6-m/nofp/libc.a(lib_a-mallocr.o) (_sbrk_r)
/usr/lib/gcc/arm-none-eabi/12.2.1/../../../arm-none-eabi/lib/thumb/v6-m/nofp/libc.a(lib_a-strlen-stub.o)
                              CMakeFiles/main.dir/mnt/d/sdk/pico-sdk/src/rp2_common/pico_stdio/stdio.c.obj (strlen)
/usr/lib/gcc/arm-none-eabi/12.2.1/../../../arm-none-eabi/lib/thumb/v6-m/nofp/libc.a(lib_a-strncmp.o)
                              CMakeFiles/main.dir/mnt/d/sdk/pico-sdk/lib/cyw43-driver/src/cyw43_ll.c.obj (strncmp)
/usr/lib/gcc/arm-none-eabi/12.2.1/../../../arm-none-eabi/lib/thumb/v6-m/nofp/libc.a(lib_a-__atexit.o)
                              /usr/lib/gcc/arm-none-eabi/12.2.1/../../../arm-none-eabi/lib/thumb/v6-m/nofp/libc.a(lib_a-atexit.o) (__register_exitproc)
/usr/lib/gcc/arm-none-eabi/12.2.1/../../../arm-none-eabi/lib/thumb/v6-m/nofp/libc.a(lib_a-freer.o)
                              /usr/lib/gcc/arm-none-eabi/12.2.1/../../../arm-none-eabi/lib/thumb/v6-m/nofp/libc.a(lib_a-malloc.o) (_free_r)
/usr/lib/gcc/arm-none-eabi/12.2.1/../../../arm-none-eabi/lib/thumb/v6-m/nofp/libc.a(lib_a-reent.o)
                              /usr/lib/gcc/arm-none-eabi/12.2.1/../../../arm-none-eabi/lib/thumb/v6-m/nofp/libc.a(lib_a-sbrkr.o) (errno)

Discarded input sections

 .text          0x00000000        0x0 /usr/lib/gcc/arm-none-eabi/12.2.1/thumb/v6-m/nofp/crti.o
 .data          0x00000000        0x0 /usr/lib/gcc/arm-none-eabi/12.2.1/thumb/v6-m/nofp/crti.o
 .bss           0x00000000        0x0 /usr/lib/gcc/arm-none-eabi/12.2.1/thumb/v6-m/nofp/crti.o
[...]
Memory Configuration

Name             Origin             Length             Attributes
FLASH            0x10000000         0x00200000         xr
RAM              0x20000000         0x00040000         xrw
SCRATCH_X        0x20040000         0x00001000         xrw
SCRATCH_Y        0x20041000         0x00001000         xrw
*default*        0x00000000         0xffffffff

Linker script and memory map

LOAD /usr/lib/gcc/arm-none-eabi/12.2.1/thumb/v6-m/nofp/crti.o
LOAD /usr/lib/gcc/arm-none-eabi/12.2.1/thumb/v6-m/nofp/crtbegin.o
LOAD /usr/lib/gcc/arm-none-eabi/12.2.1/../../../arm-none-eabi/lib/thumb/v6-m/nofp/crt0.o

.flash_begin    0x10000000        0x0
                0x10000000                        __flash_binary_start = .

.boot2          0x10000000      0x100
                0x10000000                        __boot2_start__ = .
 *(.boot2)
 .boot2         0x10000000      0x100 /tmp/ccB0FBWq.o
                0x10000100                        __boot2_end__ = .
                0x00000001                        ASSERT (((__boot2_end__ - __boot2_start__) == 0x100), ERROR: Pico second stage bootloader must be 256 bytes in size)

.text           0x10000100     0x8258
                0x10000100                        __logical_binary_start = .
 *(.vectors)
 .vectors       0x10000100       0xd4 CMakeFiles/main.dir/mnt/d/sdk/pico-sdk/src/rp2_common/pico_standard_link/crt0.S.obj
                0x10000100                __vectors
                0x10000100                __VECTOR_TABLE
                0x100001c0                isr_invalid
                0x100001c0                __default_isrs_start
                0x100001c2                isr_nmi
                0x100001c4                isr_hardfault
                0x100001c6                isr_svcall
                0x100001c8                isr_pendsv
                0x100001ca                isr_systick
                0x100001cc                isr_irq30
                0x100001cc                __unhandled_user_irq
                0x100001cc                isr_irq13
                0x100001cc                isr_irq27
                0x100001cc                isr_irq31
                0x100001cc                isr_irq5
                0x100001cc                isr_irq11
                0x100001cc                isr_irq23
                0x100001cc                isr_irq18
                0x100001cc                isr_irq28
                0x100001cc                isr_irq19
                0x100001cc                isr_irq0
                0x100001cc                isr_irq6
                0x100001cc                isr_irq22
                0x100001cc                isr_irq17
                0x100001cc                isr_irq14
                0x100001cc                isr_irq2
                0x100001cc                isr_irq10
                0x100001cc                isr_irq8
                0x100001cc                isr_irq24
                0x100001cc                isr_irq1
                0x100001cc                isr_irq7
                0x100001cc                isr_irq21
                0x100001cc                isr_irq20
                0x100001cc                isr_irq15
                0x100001cc                isr_irq25
                0x100001cc                isr_irq4
                0x100001cc                isr_irq16
                0x100001cc                isr_irq29
                0x100001cc                isr_irq26
                0x100001cc                __default_isrs_end
                0x100001cc                isr_irq3
                0x100001cc                isr_irq12
                0x100001cc                isr_irq9
                0x100001d2                unhandled_user_irq_num_in_r0
 *(.binary_info_header)
 .binary_info_header
                0x100001d4       0x14 CMakeFiles/main.dir/mnt/d/sdk/pico-sdk/src/rp2_common/pico_standard_link/crt0.S.obj
                0x100001e8                        __binary_info_header_end = .
 *(.reset)
 .reset         0x100001e8       0xa0 CMakeFiles/main.dir/mnt/d/sdk/pico-sdk/src/rp2_common/pico_standard_link/crt0.S.obj
                0x100001e8                _entry_point
 .reset         0x10000288       0x30 CMakeFiles/main.dir/mnt/d/sdk/pico-sdk/src/rp2_common/pico_standard_link/binary_info.c.obj
 *(.init)
 .init          0x100002b8        0x4 /usr/lib/gcc/arm-none-eabi/12.2.1/thumb/v6-m/nofp/crti.o
                0x100002b8                _init
 *(EXCLUDE_FILE(*libm.a: *libc.a:*lib_a-mem*.o *libgcc.a:) .text*)
 .text          0x100002bc       0x98 /usr/lib/gcc/arm-none-eabi/12.2.1/thumb/v6-m/nofp/crtbegin.o
 .text.startup.main
                0x10000354      0x15c CMakeFiles/main.dir/main.c.obj
                0x10000354                main
 .text.init_hw  0x100004b0       0xec CMakeFiles/main.dir/soundctrl.c.obj
                0x100004b0                init_hw
 .text.gpio_set_function
                0x1000059c       0x30 CMakeFiles/main.dir/mnt/d/sdk/pico-sdk/src/rp2_common/hardware_gpio/gpio.c.obj
                0x1000059c                gpio_set_function
 .text.gpio_set_pulls
                0x100005cc       0x24 CMakeFiles/main.dir/mnt/d/sdk/pico-sdk/src/rp2_common/hardware_gpio/gpio.c.obj
                0x100005cc                gpio_set_pulls
 .text.gpio_set_input_hysteresis_enabled
                0x100005f0       0x28 CMakeFiles/main.dir/mnt/d/sdk/pico-sdk/src/rp2_common/hardware_gpio/gpio.c.obj
                0x100005f0                gpio_set_input_hysteresis_enabled
 .text.gpio_set_irq_enabled
                0x10000618       0x54 CMakeFiles/main.dir/mnt/d/sdk/pico-sdk/src/rp2_common/hardware_gpio/gpio.c.obj
                0x10000618                gpio_set_irq_enabled
 .text.gpio_add_raw_irq_handler_with_order_priority_masked
                0x1000066c       0x44 CMakeFiles/main.dir/mnt/d/sdk/pico-sdk/src/rp2_common/hardware_gpio/gpio.c.obj
                0x1000066c                gpio_add_raw_irq_handler_with_order_priority_masked
 .text.gpio_remove_raw_irq_handler_masked
                0x100006b0       0x20 CMakeFiles/main.dir/mnt/d/sdk/pico-sdk/src/rp2_common/hardware_gpio/gpio.c.obj
                0x100006b0                gpio_remove_raw_irq_handler_masked
 .text.gpio_init
                0x100006d0       0x3c CMakeFiles/main.dir/mnt/d/sdk/pico-sdk/src/rp2_common/hardware_gpio/gpio.c.obj
                0x100006d0                gpio_init
 .text.running_on_fpga
                0x1000070c       0x10 CMakeFiles/main.dir/mnt/d/sdk/pico-sdk/src/rp2_common/pico_platform/platform.c.obj
                0x1000070c                running_on_fpga
 .text.hw_claim_lock
                0x1000071c       0x18 CMakeFiles/main.dir/mnt/d/sdk/pico-sdk/src/rp2_common/hardware_claim/claim.c.obj
                0x1000071c                hw_claim_lock
 .text.hw_claim_unlock
                0x10000734       0x14 CMakeFiles/main.dir/mnt/d/sdk/pico-sdk/src/rp2_common/hardware_claim/claim.c.obj
                0x10000734                hw_claim_unlock
 .text.hw_claim_or_assert
                0x10000748       0x44 CMakeFiles/main.dir/mnt/d/sdk/pico-sdk/src/rp2_common/hardware_claim/claim.c.obj
                0x10000748                hw_claim_or_assert
 .text.hw_claim_unused_from_range
                0x1000078c       0x9c CMakeFiles/main.dir/mnt/d/sdk/pico-sdk/src/rp2_common/hardware_claim/claim.c.obj
                0x1000078c                hw_claim_unused_from_range
 .text.hw_claim_clear
                0x10000828       0x38 CMakeFiles/main.dir/mnt/d/sdk/pico-sdk/src/rp2_common/hardware_claim/claim.c.obj
                0x10000828                hw_claim_clear
 .text.spin_locks_reset
                0x10000860       0x1c CMakeFiles/main.dir/mnt/d/sdk/pico-sdk/src/rp2_common/hardware_sync/sync.c.obj
                0x10000860                spin_locks_reset
 .text.next_striped_spin_lock_num
                0x1000087c       0x18 CMakeFiles/main.dir/mnt/d/sdk/pico-sdk/src/rp2_common/hardware_sync/sync.c.obj
                0x1000087c                next_striped_spin_lock_num
 .text.irq_set_enabled
                0x10000894       0x24 CMakeFiles/main.dir/mnt/d/sdk/pico-sdk/src/rp2_common/hardware_irq/irq.c.obj
                0x10000894                irq_set_enabled
 .text.irq_set_pending
                0x100008b8       0x10 CMakeFiles/main.dir/mnt/d/sdk/pico-sdk/src/rp2_common/hardware_irq/irq.c.obj
                0x100008b8                irq_set_pending
 .text.irq_get_vtable_handler
                0x100008c8       0x10 CMakeFiles/main.dir/mnt/d/sdk/pico-sdk/src/rp2_common/hardware_irq/irq.c.obj
                0x100008c8                irq_get_vtable_handler
 .text.irq_set_exclusive_handler
                0x100008d8       0x54 CMakeFiles/main.dir/mnt/d/sdk/pico-sdk/src/rp2_common/hardware_irq/irq.c.obj
                0x100008d8                irq_set_exclusive_handler
 .text.irq_add_shared_handler
                0x1000092c      0x1f4 CMakeFiles/main.dir/mnt/d/sdk/pico-sdk/src/rp2_common/hardware_irq/irq.c.obj
                0x1000092c                irq_add_shared_handler
 .text.irq_remove_handler
                0x10000b20      0x1c4 CMakeFiles/main.dir/mnt/d/sdk/pico-sdk/src/rp2_common/hardware_irq/irq.c.obj
                0x10000b20                irq_remove_handler
 .text.irq_set_priority
                0x10000ce4       0x28 CMakeFiles/main.dir/mnt/d/sdk/pico-sdk/src/rp2_common/hardware_irq/irq.c.obj
                0x10000ce4                irq_set_priority
 .text.irq_add_tail_to_free_list
                0x10000d0c       0xb4 CMakeFiles/main.dir/mnt/d/sdk/pico-sdk/src/rp2_common/hardware_irq/irq.c.obj
                0x10000d0c                irq_add_tail_to_free_list
 .text.irq_init_priorities
                0x10000dc0       0x24 CMakeFiles/main.dir/mnt/d/sdk/pico-sdk/src/rp2_common/hardware_irq/irq.c.obj
                0x10000dc0                irq_init_priorities
 .text.user_irq_unclaim
                0x10000de4       0x14 CMakeFiles/main.dir/mnt/d/sdk/pico-sdk/src/rp2_common/hardware_irq/irq.c.obj
                0x10000de4                user_irq_unclaim
 .text.user_irq_claim_unused
                0x10000df8       0x2c CMakeFiles/main.dir/mnt/d/sdk/pico-sdk/src/rp2_common/hardware_irq/irq.c.obj
                0x10000df8                user_irq_claim_unused
 .text.sem_init
                0x10000e24       0x20 CMakeFiles/main.dir/mnt/d/sdk/pico-sdk/src/common/pico_sync/sem.c.obj
                0x10000e24                sem_init
 .text.lock_init
                0x10000e44       0x10 CMakeFiles/main.dir/mnt/d/sdk/pico-sdk/src/common/pico_sync/lock_core.c.obj
                0x10000e44                lock_init
 .text.mutex_init
                0x10000e54       0x1c CMakeFiles/main.dir/mnt/d/sdk/pico-sdk/src/common/pico_sync/mutex.c.obj
                0x10000e54                mutex_init
 .text.recursive_mutex_init
                0x10000e70       0x1c CMakeFiles/main.dir/mnt/d/sdk/pico-sdk/src/common/pico_sync/mutex.c.obj
                0x10000e70                recursive_mutex_init
 .text.timer_pool_entry_comparator
                0x10000e8c       0x34 CMakeFiles/main.dir/mnt/d/sdk/pico-sdk/src/common/pico_time/time.c.obj
                0x10000e8c                timer_pool_entry_comparator
 .text.sleep_until_callback
                0x10000ec0       0x30 CMakeFiles/main.dir/mnt/d/sdk/pico-sdk/src/common/pico_time/time.c.obj
 .text.add_alarm_under_lock.isra.0
                0x10000ef0      0x100 CMakeFiles/main.dir/mnt/d/sdk/pico-sdk/src/common/pico_time/time.c.obj
 .text.alarm_pool_alarm_callback
                0x10000ff0      0x1bc CMakeFiles/main.dir/mnt/d/sdk/pico-sdk/src/common/pico_time/time.c.obj
 .text.alarm_pool_init_default
                0x100011ac       0x6c CMakeFiles/main.dir/mnt/d/sdk/pico-sdk/src/common/pico_time/time.c.obj
                0x100011ac                alarm_pool_init_default
 .text.alarm_pool_get_default
                0x10001218        0x8 CMakeFiles/main.dir/mnt/d/sdk/pico-sdk/src/common/pico_time/time.c.obj
                0x10001218                alarm_pool_get_default
 .text.alarm_pool_add_alarm_at
                0x10001220      0x188 CMakeFiles/main.dir/mnt/d/sdk/pico-sdk/src/common/pico_time/time.c.obj
                0x10001220                alarm_pool_add_alarm_at
 .text.alarm_pool_cancel_alarm
                0x100013a8       0x6c CMakeFiles/main.dir/mnt/d/sdk/pico-sdk/src/common/pico_time/time.c.obj
                0x100013a8                alarm_pool_cancel_alarm
 .text.sleep_until
                0x10001414       0xc4 CMakeFiles/main.dir/mnt/d/sdk/pico-sdk/src/common/pico_time/time.c.obj
                0x10001414                sleep_until
 .text.sleep_ms
                0x100014d8       0x38 CMakeFiles/main.dir/mnt/d/sdk/pico-sdk/src/common/pico_time/time.c.obj
                0x100014d8                sleep_ms
 .text.best_effort_wfe_or_timeout
                0x10001510       0x78 CMakeFiles/main.dir/mnt/d/sdk/pico-sdk/src/common/pico_time/time.c.obj
                0x10001510                best_effort_wfe_or_timeout
 .text.hardware_alarm_irq_handler
                0x10001588       0xbc CMakeFiles/main.dir/mnt/d/sdk/pico-sdk/src/rp2_common/hardware_timer/timer.c.obj
 .text.hardware_alarm_claim
                0x10001644       0x18 CMakeFiles/main.dir/mnt/d/sdk/pico-sdk/src/rp2_common/hardware_timer/timer.c.obj
                0x10001644                hardware_alarm_claim
 .text.time_us_64
                0x1000165c       0x14 CMakeFiles/main.dir/mnt/d/sdk/pico-sdk/src/rp2_common/hardware_timer/timer.c.obj
                0x1000165c                time_us_64
 .text.busy_wait_until
                0x10001670       0x20 CMakeFiles/main.dir/mnt/d/sdk/pico-sdk/src/rp2_common/hardware_timer/timer.c.obj
                0x10001670                busy_wait_until
 .text.hardware_alarm_set_callback
                0x10001690       0x8c CMakeFiles/main.dir/mnt/d/sdk/pico-sdk/src/rp2_common/hardware_timer/timer.c.obj
                0x10001690                hardware_alarm_set_callback
 .text.hardware_alarm_set_target
                0x1000171c       0xdc CMakeFiles/main.dir/mnt/d/sdk/pico-sdk/src/rp2_common/hardware_timer/timer.c.obj
                0x1000171c                hardware_alarm_set_target
 .text.hardware_alarm_cancel
                0x100017f8       0x3c CMakeFiles/main.dir/mnt/d/sdk/pico-sdk/src/rp2_common/hardware_timer/timer.c.obj
                0x100017f8                hardware_alarm_cancel
 .text.ph_merge_nodes
                0x10001834       0x64 CMakeFiles/main.dir/mnt/d/sdk/pico-sdk/src/common/pico_util/pheap.c.obj
 .text.ph_post_alloc_init
                0x10001898       0x3c CMakeFiles/main.dir/mnt/d/sdk/pico-sdk/src/common/pico_util/pheap.c.obj
                0x10001898                ph_post_alloc_init
 .text.ph_merge_two_pass
                0x100018d4       0x98 CMakeFiles/main.dir/mnt/d/sdk/pico-sdk/src/common/pico_util/pheap.c.obj
                0x100018d4                ph_merge_two_pass
 .text.ph_remove_any_head
                0x1000196c      0x100 CMakeFiles/main.dir/mnt/d/sdk/pico-sdk/src/common/pico_util/pheap.c.obj
 .text.ph_remove_head
                0x10001a6c      0x104 CMakeFiles/main.dir/mnt/d/sdk/pico-sdk/src/common/pico_util/pheap.c.obj
                0x10001a6c                ph_remove_head
 .text.ph_remove_and_free_node
                0x10001b70       0x78 CMakeFiles/main.dir/mnt/d/sdk/pico-sdk/src/common/pico_util/pheap.c.obj
                0x10001b70                ph_remove_and_free_node
 .text.uart_init
                0x10001be8       0xe0 CMakeFiles/main.dir/mnt/d/sdk/pico-sdk/src/rp2_common/hardware_uart/uart.c.obj
                0x10001be8                uart_init
 .text.clocks_init
                0x10001cc8      0x2b4 CMakeFiles/main.dir/mnt/d/sdk/pico-sdk/src/rp2_common/hardware_clocks/clocks.c.obj
                0x10001cc8                clocks_init
 .text.clock_get_hz
                0x10001f7c        0xc CMakeFiles/main.dir/mnt/d/sdk/pico-sdk/src/rp2_common/hardware_clocks/clocks.c.obj
                0x10001f7c                clock_get_hz
 .text.pll_init
                0x10001f88       0xa8 CMakeFiles/main.dir/mnt/d/sdk/pico-sdk/src/rp2_common/hardware_pll/pll.c.obj
                0x10001f88                pll_init
 .text.watchdog_start_tick
                0x10002030       0x10 CMakeFiles/main.dir/mnt/d/sdk/pico-sdk/src/rp2_common/hardware_watchdog/watchdog.c.obj
                0x10002030                watchdog_start_tick
 .text.xosc_init
                0x10002040       0x28 CMakeFiles/main.dir/mnt/d/sdk/pico-sdk/src/rp2_common/hardware_xosc/xosc.c.obj
                0x10002040                xosc_init
 .text.runtime_init
                0x10002068       0xf0 CMakeFiles/main.dir/mnt/d/sdk/pico-sdk/src/rp2_common/pico_runtime/runtime.c.obj
                0x10002068                runtime_init
 .text._exit    0x10002158        0x4 CMakeFiles/main.dir/mnt/d/sdk/pico-sdk/src/rp2_common/pico_runtime/runtime.c.obj
                0x10002158                _exit
 .text.exit     0x1000215c        0x8 CMakeFiles/main.dir/mnt/d/sdk/pico-sdk/src/rp2_common/pico_runtime/runtime.c.obj
                0x1000215c                exit
 .text.panic    0x10002164       0x30 CMakeFiles/main.dir/mnt/d/sdk/pico-sdk/src/rp2_common/pico_runtime/runtime.c.obj
                0x10002164                panic
 .text.hard_assertion_failure
                0x10002194        0xc CMakeFiles/main.dir/mnt/d/sdk/pico-sdk/src/rp2_common/pico_runtime/runtime.c.obj
                0x10002194                hard_assertion_failure
 .text._out_null
                0x100021a0        0x4 CMakeFiles/main.dir/mnt/d/sdk/pico-sdk/src/rp2_common/pico_printf/printf.c.obj
 .text._out_rev
                0x100021a4       0x90 CMakeFiles/main.dir/mnt/d/sdk/pico-sdk/src/rp2_common/pico_printf/printf.c.obj
 .text._ntoa_format
                0x10002234      0x1f4 CMakeFiles/main.dir/mnt/d/sdk/pico-sdk/src/rp2_common/pico_printf/printf.c.obj
 .text._out_char
                0x10002428       0x10 CMakeFiles/main.dir/mnt/d/sdk/pico-sdk/src/rp2_common/pico_printf/printf.c.obj
 .text._out_fct
                0x10002438       0x10 CMakeFiles/main.dir/mnt/d/sdk/pico-sdk/src/rp2_common/pico_printf/printf.c.obj
 .text._etoa    0x10002448      0x454 CMakeFiles/main.dir/mnt/d/sdk/pico-sdk/src/rp2_common/pico_printf/printf.c.obj
 .text._ftoa    0x1000289c      0x3c4 CMakeFiles/main.dir/mnt/d/sdk/pico-sdk/src/rp2_common/pico_printf/printf.c.obj
 .text._vsnprintf
                0x10002c60      0xb24 CMakeFiles/main.dir/mnt/d/sdk/pico-sdk/src/rp2_common/pico_printf/printf.c.obj
 .text.vfctprintf
                0x10003784       0x20 CMakeFiles/main.dir/mnt/d/sdk/pico-sdk/src/rp2_common/pico_printf/printf.c.obj
                0x10003784                vfctprintf
 .text.weak_raw_vprintf
                0x100037a4       0x30 CMakeFiles/main.dir/mnt/d/sdk/pico-sdk/src/rp2_common/pico_printf/printf.c.obj
                0x100037a4                weak_raw_vprintf
 .text          0x100037d4       0x10 CMakeFiles/main.dir/mnt/d/sdk/pico-sdk/src/rp2_common/pico_bit_ops/bit_ops_aeabi.S.obj
 .text.ctzsi    0x100037e4        0xc CMakeFiles/main.dir/mnt/d/sdk/pico-sdk/src/rp2_common/pico_bit_ops/bit_ops_aeabi.S.obj
                0x100037e4                __wrap___ctzsi2
 .text.rom_func_lookup
                0x100037f0       0x10 CMakeFiles/main.dir/mnt/d/sdk/pico-sdk/src/rp2_common/pico_bootrom/bootrom.c.obj
                0x100037f0                rom_func_lookup
 .text.rom_data_lookup
                0x10003800       0x10 CMakeFiles/main.dir/mnt/d/sdk/pico-sdk/src/rp2_common/pico_bootrom/bootrom.c.obj
                0x10003800                rom_data_lookup
 .text.rom_funcs_lookup
                0x10003810       0x44 CMakeFiles/main.dir/mnt/d/sdk/pico-sdk/src/rp2_common/pico_bootrom/bootrom.c.obj
                0x10003810                rom_funcs_lookup
 .text.__wrap___aeabi_idiv
                0x10003854       0x50 CMakeFiles/main.dir/mnt/d/sdk/pico-sdk/src/rp2_common/pico_divider/divider.S.obj
                0x10003854                __wrap___aeabi_idivmod
                0x10003854                divmod_s32s32
                0x10003854                div_s32s32
                0x10003854                __wrap___aeabi_idiv
                0x1000385c                divmod_s32s32_unsafe
                0x10003888                divmod_s32s32_savestate
 .text.__wrap___aeabi_uidiv
                0x100038a4       0x4c CMakeFiles/main.dir/mnt/d/sdk/pico-sdk/src/rp2_common/pico_divider/divider.S.obj
                0x100038a4                __wrap___aeabi_uidiv
                0x100038a4                __wrap___aeabi_uidivmod
                0x100038a4                div_u32u32
                0x100038a4                divmod_u32u32
                0x100038ac                divmod_u32u32_unsafe
                0x100038d4                divmod_u32u32_savestate
 .text.__wrap___aeabi_ldiv
                0x100038f0      0x424 CMakeFiles/main.dir/mnt/d/sdk/pico-sdk/src/rp2_common/pico_divider/divider.S.obj
                0x100038f0                div_s64s64
                0x100038f0                divmod_s64s64
                0x100038f0                __wrap___aeabi_ldivmod
                0x10003920                div_u64u64
                0x10003920                divmod_u64u64
                0x10003920                __wrap___aeabi_uldivmod
                0x10003930                divmod_u64u64_savestate
                0x10003950                divmod_s64s64_unsafe
                0x100039d8                divmod_u64u64_unsafe
 .text.__wrap___aeabi_darithmetic
                0x10003d14       0x60 CMakeFiles/main.dir/mnt/d/sdk/pico-sdk/src/rp2_common/pico_double/double_aeabi.S.obj
                0x10003d14                __wrap___aeabi_drsub
                0x10003d1a                __wrap___aeabi_dsub
                0x10003d24                __wrap___aeabi_dadd
                0x10003d2e                __wrap___aeabi_ddiv
                0x10003d62                __wrap___aeabi_dmul
 .text.__wrap___aeabi_cdcmple
                0x10003d74       0x6c CMakeFiles/main.dir/mnt/d/sdk/pico-sdk/src/rp2_common/pico_double/double_aeabi.S.obj
                0x10003d74                __wrap___aeabi_cdrcmple
                0x10003d84                __wrap___aeabi_cdcmple
                0x10003d84                __wrap___aeabi_cdcmpeq
 .text.__wrap___aeabi_dcmplt
                0x10003de0        0xc CMakeFiles/main.dir/mnt/d/sdk/pico-sdk/src/rp2_common/pico_double/double_aeabi.S.obj
                0x10003de0                __wrap___aeabi_dcmplt
 .text.__wrap___aeabi_dcmpge
                0x10003dec       0x10 CMakeFiles/main.dir/mnt/d/sdk/pico-sdk/src/rp2_common/pico_double/double_aeabi.S.obj
                0x10003dec                __wrap___aeabi_dcmpge
 .text.__wrap___aeabi_dcmpgt
                0x10003dfc        0xa CMakeFiles/main.dir/mnt/d/sdk/pico-sdk/src/rp2_common/pico_double/double_aeabi.S.obj
                0x10003dfc                __wrap___aeabi_dcmpgt
 .text.__wrap___aeabi_dcmpun
                0x10003e06       0x1c CMakeFiles/main.dir/mnt/d/sdk/pico-sdk/src/rp2_common/pico_double/double_aeabi.S.obj
                0x10003e06                __wrap___aeabi_dcmpun
 *fill*         0x10003e22        0x2 
 .text.__wrap___aeabi_i2d
                0x10003e24       0x38 CMakeFiles/main.dir/mnt/d/sdk/pico-sdk/src/rp2_common/pico_double/double_aeabi.S.obj
                0x10003e24                __wrap___aeabi_ui2d
                0x10003e2c                __wrap___aeabi_i2d
 .text.__wrap___aeabi_d2iz
                0x10003e5c       0x48 CMakeFiles/main.dir/mnt/d/sdk/pico-sdk/src/rp2_common/pico_double/double_aeabi.S.obj
                0x10003e5c                __wrap___aeabi_d2iz
                0x10003e5c                double2int_z
 .text.__wrap___aeabi_d2uiz
                0x10003ea4       0x10 CMakeFiles/main.dir/mnt/d/sdk/pico-sdk/src/rp2_common/pico_double/double_aeabi.S.obj
                0x10003ea4                double2uint
                0x10003ea4                __wrap___aeabi_d2uiz
 .text.missing_double_func_shim
                0x10003eb4        0xc CMakeFiles/main.dir/mnt/d/sdk/pico-sdk/src/rp2_common/pico_double/double_init_rom.c.obj
 .text.__aeabi_double_init
                0x10003ec0       0x94 CMakeFiles/main.dir/mnt/d/sdk/pico-sdk/src/rp2_common/pico_double/double_init_rom.c.obj
                0x10003ec0                __aeabi_double_init
 .text.double_table_shim_on_use_helper
                0x10003f54       0x2c CMakeFiles/main.dir/mnt/d/sdk/pico-sdk/src/rp2_common/pico_double/double_v1_rom_shim.S.obj
                0x10003f54                double_table_shim_on_use_helper
 .text.__aeabi_lmul
                0x10003f80       0x32 CMakeFiles/main.dir/mnt/d/sdk/pico-sdk/src/rp2_common/pico_int64_ops/pico_int64_ops_aeabi.S.obj
                0x10003f80                __wrap___aeabi_lmul
 *fill*         0x10003fb2        0x2 
 .text.missing_float_func_shim
                0x10003fb4        0xc CMakeFiles/main.dir/mnt/d/sdk/pico-sdk/src/rp2_common/pico_float/float_init_rom.c.obj
 .text.__aeabi_float_init
                0x10003fc0       0x5c CMakeFiles/main.dir/mnt/d/sdk/pico-sdk/src/rp2_common/pico_float/float_init_rom.c.obj
                0x10003fc0                __aeabi_float_init
 .text          0x1000401c       0x10 CMakeFiles/main.dir/mnt/d/sdk/pico-sdk/src/rp2_common/pico_mem_ops/mem_ops_aeabi.S.obj
                0x1000401c                __aeabi_mem_init
 .text.memset   0x1000402c        0xc CMakeFiles/main.dir/mnt/d/sdk/pico-sdk/src/rp2_common/pico_mem_ops/mem_ops_aeabi.S.obj
                0x1000402c                __wrap_memset
 .text.memcpy   0x10004038        0xc CMakeFiles/main.dir/mnt/d/sdk/pico-sdk/src/rp2_common/pico_mem_ops/mem_ops_aeabi.S.obj
                0x10004038                __wrap___aeabi_memcpy
                0x10004038                __wrap_memcpy
 .text.stdio_out_chars_crlf
                0x10004044       0xbc CMakeFiles/main.dir/mnt/d/sdk/pico-sdk/src/rp2_common/pico_stdio/stdio.c.obj
 .text.stdio_buffered_printer
                0x10004100       0x64 CMakeFiles/main.dir/mnt/d/sdk/pico-sdk/src/rp2_common/pico_stdio/stdio.c.obj
 .text.__wrap_putchar
                0x10004164       0x98 CMakeFiles/main.dir/mnt/d/sdk/pico-sdk/src/rp2_common/pico_stdio/stdio.c.obj
                0x10004164                __wrap_putchar
 .text.__wrap_puts
                0x100041fc       0xe0 CMakeFiles/main.dir/mnt/d/sdk/pico-sdk/src/rp2_common/pico_stdio/stdio.c.obj
                0x100041fc                __wrap_puts
 .text.stdio_set_driver_enabled
                0x100042dc       0x30 CMakeFiles/main.dir/mnt/d/sdk/pico-sdk/src/rp2_common/pico_stdio/stdio.c.obj
                0x100042dc                stdio_set_driver_enabled
 .text.__wrap_vprintf
                0x1000430c       0xd4 CMakeFiles/main.dir/mnt/d/sdk/pico-sdk/src/rp2_common/pico_stdio/stdio.c.obj
                0x1000430c                __wrap_vprintf
 .text.__wrap_printf
                0x100043e0       0x18 CMakeFiles/main.dir/mnt/d/sdk/pico-sdk/src/rp2_common/pico_stdio/stdio.c.obj
                0x100043e0                __wrap_printf
 .text.stdio_init_all
                0x100043f8        0xc CMakeFiles/main.dir/mnt/d/sdk/pico-sdk/src/rp2_common/pico_stdio/stdio.c.obj
                0x100043f8                stdio_init_all
 .text.stdio_uart_out_chars
                0x10004404       0x4c CMakeFiles/main.dir/mnt/d/sdk/pico-sdk/src/rp2_common/pico_stdio_uart/stdio_uart.c.obj
 .text.stdio_uart_in_chars
                0x10004450       0x98 CMakeFiles/main.dir/mnt/d/sdk/pico-sdk/src/rp2_common/pico_stdio_uart/stdio_uart.c.obj
                0x10004450                stdio_uart_in_chars
 .text.on_uart_rx
                0x100044e8       0x28 CMakeFiles/main.dir/mnt/d/sdk/pico-sdk/src/rp2_common/pico_stdio_uart/stdio_uart.c.obj
 .text.stdio_uart_set_chars_available_callback
                0x10004510       0x8c CMakeFiles/main.dir/mnt/d/sdk/pico-sdk/src/rp2_common/pico_stdio_uart/stdio_uart.c.obj
 .text.stdio_uart_init
                0x1000459c       0x48 CMakeFiles/main.dir/mnt/d/sdk/pico-sdk/src/rp2_common/pico_stdio_uart/stdio_uart.c.obj
                0x1000459c                stdio_uart_init
 .text.cyw43_arch_set_async_context
                0x100045e4        0xc CMakeFiles/main.dir/mnt/d/sdk/pico-sdk/src/rp2_common/pico_cyw43_arch/cyw43_arch.c.obj
                0x100045e4                cyw43_arch_set_async_context
 .text.cyw43_arch_gpio_put
                0x100045f0       0x14 CMakeFiles/main.dir/mnt/d/sdk/pico-sdk/src/rp2_common/pico_cyw43_arch/cyw43_arch.c.obj
                0x100045f0                cyw43_arch_gpio_put
 .text.cyw43_arch_async_context
                0x10004604        0xc CMakeFiles/main.dir/mnt/d/sdk/pico-sdk/src/rp2_common/pico_cyw43_arch/cyw43_arch.c.obj
                0x10004604                cyw43_arch_async_context
 .text.cyw43_arch_init
                0x10004610       0x64 CMakeFiles/main.dir/mnt/d/sdk/pico-sdk/src/rp2_common/pico_cyw43_arch/cyw43_arch_threadsafe_background.c.obj
                0x10004610                cyw43_arch_init
 .text.startup._retrieve_unique_id_on_boot
                0x10004674       0x10 CMakeFiles/main.dir/mnt/d/sdk/pico-sdk/src/rp2_common/pico_unique_id/unique_id.c.obj
 .text.pico_get_unique_board_id
                0x10004684       0x10 CMakeFiles/main.dir/mnt/d/sdk/pico-sdk/src/rp2_common/pico_unique_id/unique_id.c.obj
                0x10004684                pico_get_unique_board_id
 .text.flash_get_unique_id
                0x10004694       0x40 CMakeFiles/main.dir/mnt/d/sdk/pico-sdk/src/rp2_common/hardware_flash/flash.c.obj
                0x10004694                flash_get_unique_id
 .text.ns_delay.constprop.0
                0x100046d4       0x20 CMakeFiles/main.dir/mnt/d/sdk/pico-sdk/src/rp2_common/pico_cyw43_driver/cyw43_bus_pio_spi.c.obj
 .text.cyw43_spi_init
                0x100046f4      0x1b4 CMakeFiles/main.dir/mnt/d/sdk/pico-sdk/src/rp2_common/pico_cyw43_driver/cyw43_bus_pio_spi.c.obj
                0x100046f4                cyw43_spi_init
 .text.cyw43_spi_deinit
                0x100048a8       0x6c CMakeFiles/main.dir/mnt/d/sdk/pico-sdk/src/rp2_common/pico_cyw43_driver/cyw43_bus_pio_spi.c.obj
                0x100048a8                cyw43_spi_deinit
 .text.cyw43_spi_transfer
                0x10004914      0x3dc CMakeFiles/main.dir/mnt/d/sdk/pico-sdk/src/rp2_common/pico_cyw43_driver/cyw43_bus_pio_spi.c.obj
                0x10004914                cyw43_spi_transfer
 .text.cyw43_spi_gpio_setup
                0x10004cf0       0x3c CMakeFiles/main.dir/mnt/d/sdk/pico-sdk/src/rp2_common/pico_cyw43_driver/cyw43_bus_pio_spi.c.obj
                0x10004cf0                cyw43_spi_gpio_setup
 .text.cyw43_spi_reset
                0x10004d2c       0x28 CMakeFiles/main.dir/mnt/d/sdk/pico-sdk/src/rp2_common/pico_cyw43_driver/cyw43_bus_pio_spi.c.obj
                0x10004d2c                cyw43_spi_reset
 .text.read_reg_u32_swap
                0x10004d54       0x3c CMakeFiles/main.dir/mnt/d/sdk/pico-sdk/src/rp2_common/pico_cyw43_driver/cyw43_bus_pio_spi.c.obj
                0x10004d54                read_reg_u32_swap
 .text.cyw43_read_reg_u32
                0x10004d90       0x50 CMakeFiles/main.dir/mnt/d/sdk/pico-sdk/src/rp2_common/pico_cyw43_driver/cyw43_bus_pio_spi.c.obj
                0x10004d90                cyw43_read_reg_u32
 .text.cyw43_read_reg_u16
                0x10004de0       0x50 CMakeFiles/main.dir/mnt/d/sdk/pico-sdk/src/rp2_common/pico_cyw43_driver/cyw43_bus_pio_spi.c.obj
                0x10004de0                cyw43_read_reg_u16
 .text.cyw43_read_reg_u8
                0x10004e30       0x50 CMakeFiles/main.dir/mnt/d/sdk/pico-sdk/src/rp2_common/pico_cyw43_driver/cyw43_bus_pio_spi.c.obj
                0x10004e30                cyw43_read_reg_u8
 .text.write_reg_u32_swap
                0x10004e80      0x1e8 CMakeFiles/main.dir/mnt/d/sdk/pico-sdk/src/rp2_common/pico_cyw43_driver/cyw43_bus_pio_spi.c.obj
                0x10004e80                write_reg_u32_swap
 .text.cyw43_write_reg_u32
                0x10005068      0x208 CMakeFiles/main.dir/mnt/d/sdk/pico-sdk/src/rp2_common/pico_cyw43_driver/cyw43_bus_pio_spi.c.obj
                0x10005068                cyw43_write_reg_u32
 .text.cyw43_write_reg_u16
                0x10005270      0x208 CMakeFiles/main.dir/mnt/d/sdk/pico-sdk/src/rp2_common/pico_cyw43_driver/cyw43_bus_pio_spi.c.obj
                0x10005270                cyw43_write_reg_u16
 .text.cyw43_write_reg_u8
                0x10005478      0x208 CMakeFiles/main.dir/mnt/d/sdk/pico-sdk/src/rp2_common/pico_cyw43_driver/cyw43_bus_pio_spi.c.obj
                0x10005478                cyw43_write_reg_u8
 .text.cyw43_read_bytes
                0x10005680       0x7c CMakeFiles/main.dir/mnt/d/sdk/pico-sdk/src/rp2_common/pico_cyw43_driver/cyw43_bus_pio_spi.c.obj
                0x10005680                cyw43_read_bytes
 .text.cyw43_write_bytes
                0x100056fc       0xcc CMakeFiles/main.dir/mnt/d/sdk/pico-sdk/src/rp2_common/pico_cyw43_driver/cyw43_bus_pio_spi.c.obj
                0x100056fc                cyw43_write_bytes
 .text.cyw43_set_backplane_window
                0x100057c8       0x68 CMakeFiles/main.dir/mnt/d/sdk/pico-sdk/lib/cyw43-driver/src/cyw43_ll.c.obj
 .text.cyw43_ll_parse_async_event
                0x10005830      0x134 CMakeFiles/main.dir/mnt/d/sdk/pico-sdk/lib/cyw43-driver/src/cyw43_ll.c.obj
 .text.cyw43_kso_set
                0x10005964       0x80 CMakeFiles/main.dir/mnt/d/sdk/pico-sdk/lib/cyw43-driver/src/cyw43_ll.c.obj
 .text.cyw43_ll_sdpcm_poll_device
                0x100059e4      0x240 CMakeFiles/main.dir/mnt/d/sdk/pico-sdk/lib/cyw43-driver/src/cyw43_ll.c.obj
 .text.cyw43_sdpcm_send_common
                0x10005c24       0xf4 CMakeFiles/main.dir/mnt/d/sdk/pico-sdk/lib/cyw43-driver/src/cyw43_ll.c.obj
 .text.cyw43_do_ioctl
                0x10005d18      0x110 CMakeFiles/main.dir/mnt/d/sdk/pico-sdk/lib/cyw43-driver/src/cyw43_ll.c.obj
 .text.cyw43_do_ioctl.constprop.0
                0x10005e28      0x108 CMakeFiles/main.dir/mnt/d/sdk/pico-sdk/lib/cyw43-driver/src/cyw43_ll.c.obj
 .text.reset_device_core.constprop.0
                0x10005f30      0x410 CMakeFiles/main.dir/mnt/d/sdk/pico-sdk/lib/cyw43-driver/src/cyw43_ll.c.obj
 .text.cyw43_ll_init
                0x10006340       0x18 CMakeFiles/main.dir/mnt/d/sdk/pico-sdk/lib/cyw43-driver/src/cyw43_ll.c.obj
                0x10006340                cyw43_ll_init
 .text.cyw43_ll_deinit
                0x10006358        0x8 CMakeFiles/main.dir/mnt/d/sdk/pico-sdk/lib/cyw43-driver/src/cyw43_ll.c.obj
                0x10006358                cyw43_ll_deinit
 .text.cyw43_ll_process_packets
                0x10006360       0x68 CMakeFiles/main.dir/mnt/d/sdk/pico-sdk/lib/cyw43-driver/src/cyw43_ll.c.obj
                0x10006360                cyw43_ll_process_packets
 .text.cyw43_ll_ioctl
                0x100063c8       0x20 CMakeFiles/main.dir/mnt/d/sdk/pico-sdk/lib/cyw43-driver/src/cyw43_ll.c.obj
                0x100063c8                cyw43_ll_ioctl
 .text.cyw43_ll_bus_sleep
                0x100063e8       0x34 CMakeFiles/main.dir/mnt/d/sdk/pico-sdk/lib/cyw43-driver/src/cyw43_ll.c.obj
                0x100063e8                cyw43_ll_bus_sleep
 .text.cyw43_ll_bus_init
                0x1000641c      0xcb8 CMakeFiles/main.dir/mnt/d/sdk/pico-sdk/lib/cyw43-driver/src/cyw43_ll.c.obj
                0x1000641c                cyw43_ll_bus_init
 .text.cyw43_ll_wifi_get_mac
                0x100070d4       0x40 CMakeFiles/main.dir/mnt/d/sdk/pico-sdk/lib/cyw43-driver/src/cyw43_ll.c.obj
                0x100070d4                cyw43_ll_wifi_get_mac
 .text.cyw43_ll_wifi_set_wpa_auth
                0x10007114       0x2c CMakeFiles/main.dir/mnt/d/sdk/pico-sdk/lib/cyw43-driver/src/cyw43_ll.c.obj
                0x10007114                cyw43_ll_wifi_set_wpa_auth
 .text.cyw43_ll_wifi_rejoin
                0x10007140       0x1c CMakeFiles/main.dir/mnt/d/sdk/pico-sdk/lib/cyw43-driver/src/cyw43_ll.c.obj
                0x10007140                cyw43_ll_wifi_rejoin
 .text.cyw43_ll_gpio_set
                0x1000715c       0x6c CMakeFiles/main.dir/mnt/d/sdk/pico-sdk/lib/cyw43-driver/src/cyw43_ll.c.obj
                0x1000715c                cyw43_ll_gpio_set
 .text.cyw43_ll_has_work
                0x100071c8       0x14 CMakeFiles/main.dir/mnt/d/sdk/pico-sdk/lib/cyw43-driver/src/cyw43_ll.c.obj
                0x100071c8                cyw43_ll_has_work
 .text.cyw43_poll_func
                0x100071dc       0xbc CMakeFiles/main.dir/mnt/d/sdk/pico-sdk/lib/cyw43-driver/src/cyw43_ctrl.c.obj
 .text.cyw43_init
                0x10007298       0x70 CMakeFiles/main.dir/mnt/d/sdk/pico-sdk/lib/cyw43-driver/src/cyw43_ctrl.c.obj
                0x10007298                cyw43_init
 .text.cyw43_deinit
                0x10007308       0x94 CMakeFiles/main.dir/mnt/d/sdk/pico-sdk/lib/cyw43-driver/src/cyw43_ctrl.c.obj
                0x10007308                cyw43_deinit
 .text.cyw43_cb_read_host_interrupt_pin
                0x1000739c        0xc CMakeFiles/main.dir/mnt/d/sdk/pico-sdk/lib/cyw43-driver/src/cyw43_ctrl.c.obj
                0x1000739c                cyw43_cb_read_host_interrupt_pin
 .text.cyw43_cb_ensure_awake
                0x100073a8        0xc CMakeFiles/main.dir/mnt/d/sdk/pico-sdk/lib/cyw43-driver/src/cyw43_ctrl.c.obj
                0x100073a8                cyw43_cb_ensure_awake
 .text.cyw43_cb_process_async_event
                0x100073b4      0x22c CMakeFiles/main.dir/mnt/d/sdk/pico-sdk/lib/cyw43-driver/src/cyw43_ctrl.c.obj
                0x100073b4                cyw43_cb_process_async_event
 .text.cyw43_gpio_set
                0x100075e0       0xa4 CMakeFiles/main.dir/mnt/d/sdk/pico-sdk/lib/cyw43-driver/src/cyw43_ctrl.c.obj
                0x100075e0                cyw43_gpio_set
 .text.pio_sm_unclaim
                0x10007684       0x20 CMakeFiles/main.dir/mnt/d/sdk/pico-sdk/src/rp2_common/hardware_pio/pio.c.obj
                0x10007684                pio_sm_unclaim
 .text.pio_claim_unused_sm
                0x100076a4       0x3c CMakeFiles/main.dir/mnt/d/sdk/pico-sdk/src/rp2_common/hardware_pio/pio.c.obj
                0x100076a4                pio_claim_unused_sm
 .text.pio_can_add_program
                0x100076e0       0x68 CMakeFiles/main.dir/mnt/d/sdk/pico-sdk/src/rp2_common/hardware_pio/pio.c.obj
                0x100076e0                pio_can_add_program
 .text.pio_add_program
                0x10007748       0xf0 CMakeFiles/main.dir/mnt/d/sdk/pico-sdk/src/rp2_common/hardware_pio/pio.c.obj
                0x10007748                pio_add_program
 .text.pio_remove_program
                0x10007838       0x34 CMakeFiles/main.dir/mnt/d/sdk/pico-sdk/src/rp2_common/hardware_pio/pio.c.obj
                0x10007838                pio_remove_program
 .text.pio_sm_set_pindirs_with_mask
                0x1000786c       0xa8 CMakeFiles/main.dir/mnt/d/sdk/pico-sdk/src/rp2_common/hardware_pio/pio.c.obj
                0x1000786c                pio_sm_set_pindirs_with_mask
 .text.pio_sm_set_consecutive_pindirs
                0x10007914       0xa8 CMakeFiles/main.dir/mnt/d/sdk/pico-sdk/src/rp2_common/hardware_pio/pio.c.obj
                0x10007914                pio_sm_set_consecutive_pindirs
 .text.dma_channel_unclaim
                0x100079bc       0x14 CMakeFiles/main.dir/mnt/d/sdk/pico-sdk/src/rp2_common/hardware_dma/dma.c.obj
                0x100079bc                dma_channel_unclaim
 .text.dma_claim_unused_channel
                0x100079d0       0x24 CMakeFiles/main.dir/mnt/d/sdk/pico-sdk/src/rp2_common/hardware_dma/dma.c.obj
                0x100079d0                dma_claim_unused_channel
 .text.cyw43_sleep_timeout_reached
                0x100079f4       0x10 CMakeFiles/main.dir/mnt/d/sdk/pico-sdk/src/rp2_common/pico_cyw43_driver/cyw43_driver.c.obj
 .text.cyw43_irq_init
                0x10007a04       0x28 CMakeFiles/main.dir/mnt/d/sdk/pico-sdk/src/rp2_common/pico_cyw43_driver/cyw43_driver.c.obj
                0x10007a04                cyw43_irq_init
 .text.cyw43_irq_deinit
                0x10007a2c       0x20 CMakeFiles/main.dir/mnt/d/sdk/pico-sdk/src/rp2_common/pico_cyw43_driver/cyw43_driver.c.obj
                0x10007a2c                cyw43_irq_deinit
 .text.cyw43_gpio_irq_handler
                0x10007a4c       0x44 CMakeFiles/main.dir/mnt/d/sdk/pico-sdk/src/rp2_common/pico_cyw43_driver/cyw43_driver.c.obj
 .text.cyw43_do_poll
                0x10007a90       0x70 CMakeFiles/main.dir/mnt/d/sdk/pico-sdk/src/rp2_common/pico_cyw43_driver/cyw43_driver.c.obj
 .text.cyw43_post_poll_hook
                0x10007b00       0x10 CMakeFiles/main.dir/mnt/d/sdk/pico-sdk/src/rp2_common/pico_cyw43_driver/cyw43_driver.c.obj
                0x10007b00                cyw43_post_poll_hook
 .text.cyw43_schedule_internal_poll_dispatch
                0x10007b10       0x18 CMakeFiles/main.dir/mnt/d/sdk/pico-sdk/src/rp2_common/pico_cyw43_driver/cyw43_driver.c.obj
                0x10007b10                cyw43_schedule_internal_poll_dispatch
 .text.cyw43_driver_init
                0x10007b28       0x38 CMakeFiles/main.dir/mnt/d/sdk/pico-sdk/src/rp2_common/pico_cyw43_driver/cyw43_driver.c.obj
                0x10007b28                cyw43_driver_init
 .text.cyw43_driver_deinit
                0x10007b60       0x44 CMakeFiles/main.dir/mnt/d/sdk/pico-sdk/src/rp2_common/pico_cyw43_driver/cyw43_driver.c.obj
                0x10007b60                cyw43_driver_deinit
 .text.cyw43_hal_generate_laa_mac
                0x10007ba4       0x28 CMakeFiles/main.dir/mnt/d/sdk/pico-sdk/src/rp2_common/pico_cyw43_driver/cyw43_driver.c.obj
                0x10007ba4                cyw43_hal_generate_laa_mac
 .text.cyw43_thread_enter
                0x10007bcc       0x14 CMakeFiles/main.dir/mnt/d/sdk/pico-sdk/src/rp2_common/pico_cyw43_driver/cyw43_driver.c.obj
                0x10007bcc                cyw43_thread_enter
 .text.cyw43_thread_exit
                0x10007be0       0x14 CMakeFiles/main.dir/mnt/d/sdk/pico-sdk/src/rp2_common/pico_cyw43_driver/cyw43_driver.c.obj
                0x10007be0                cyw43_thread_exit
 .text.cyw43_await_background_or_timeout_us
                0x10007bf4       0x34 CMakeFiles/main.dir/mnt/d/sdk/pico-sdk/src/rp2_common/pico_cyw43_driver/cyw43_driver.c.obj
                0x10007bf4                cyw43_await_background_or_timeout_us
 .text.cyw43_delay_ms
                0x10007c28       0x48 CMakeFiles/main.dir/mnt/d/sdk/pico-sdk/src/rp2_common/pico_cyw43_driver/cyw43_driver.c.obj
                0x10007c28                cyw43_delay_ms
 .text.cyw43_cb_tcpip_deinit
                0x10007c70        0x4 CMakeFiles/main.dir/mnt/d/sdk/pico-sdk/src/rp2_common/pico_cyw43_driver/cyw43_driver.c.obj
                0x10007c70                cyw43_cb_tcpip_deinit
 .text.cyw43_cb_tcpip_set_link_up
                0x10007c74        0xc CMakeFiles/main.dir/mnt/d/sdk/pico-sdk/src/rp2_common/pico_cyw43_driver/cyw43_driver.c.obj
                0x10007c74                cyw43_cb_tcpip_set_link_up
 .text.cyw43_cb_tcpip_set_link_down
                0x10007c80        0xc CMakeFiles/main.dir/mnt/d/sdk/pico-sdk/src/rp2_common/pico_cyw43_driver/cyw43_driver.c.obj
                0x10007c80                cyw43_cb_tcpip_set_link_down
 .text.cyw43_cb_process_ethernet
                0x10007c8c        0xc CMakeFiles/main.dir/mnt/d/sdk/pico-sdk/src/rp2_common/pico_cyw43_driver/cyw43_driver.c.obj
                0x10007c8c                cyw43_cb_process_ethernet
 .text.async_context_threadsafe_background_acquire_lock_blocking
                0x10007c98        0xc CMakeFiles/main.dir/mnt/d/sdk/pico-sdk/src/rp2_common/pico_async_context/async_context_threadsafe_background.c.obj
 .text.alarm_handler
                0x10007ca4       0x20 CMakeFiles/main.dir/mnt/d/sdk/pico-sdk/src/rp2_common/pico_async_context/async_context_threadsafe_background.c.obj
 .text.async_context_threadsafe_background_set_work_pending
                0x10007cc4       0x1c CMakeFiles/main.dir/mnt/d/sdk/pico-sdk/src/rp2_common/pico_async_context/async_context_threadsafe_background.c.obj
 .text.process_under_lock
                0x10007ce0       0xcc CMakeFiles/main.dir/mnt/d/sdk/pico-sdk/src/rp2_common/pico_async_context/async_context_threadsafe_background.c.obj
 .text.async_context_threadsafe_background_execute_sync
                0x10007dac       0x30 CMakeFiles/main.dir/mnt/d/sdk/pico-sdk/src/rp2_common/pico_async_context/async_context_threadsafe_background.c.obj
                0x10007dac                async_context_threadsafe_background_execute_sync
 .text.async_context_threadsafe_background_deinit
                0x10007ddc       0x54 CMakeFiles/main.dir/mnt/d/sdk/pico-sdk/src/rp2_common/pico_async_context/async_context_threadsafe_background.c.obj
 .text.low_priority_irq_handler
                0x10007e30       0x3c CMakeFiles/main.dir/mnt/d/sdk/pico-sdk/src/rp2_common/pico_async_context/async_context_threadsafe_background.c.obj
 .text.async_context_threadsafe_background_wait_for_work_until
                0x10007e6c        0xc CMakeFiles/main.dir/mnt/d/sdk/pico-sdk/src/rp2_common/pico_async_context/async_context_threadsafe_background.c.obj
 .text.async_context_threadsafe_background_wait_until
                0x10007e78       0x1c CMakeFiles/main.dir/mnt/d/sdk/pico-sdk/src/rp2_common/pico_async_context/async_context_threadsafe_background.c.obj
 .text.async_context_threadsafe_background_lock_check
                0x10007e94       0x28 CMakeFiles/main.dir/mnt/d/sdk/pico-sdk/src/rp2_common/pico_async_context/async_context_threadsafe_background.c.obj
 .text.async_context_threadsafe_background_release_lock
                0x10007ebc       0x1c CMakeFiles/main.dir/mnt/d/sdk/pico-sdk/src/rp2_common/pico_async_context/async_context_threadsafe_background.c.obj
 .text.async_context_threadsafe_background_add_at_time_worker
                0x10007ed8       0x34 CMakeFiles/main.dir/mnt/d/sdk/pico-sdk/src/rp2_common/pico_async_context/async_context_threadsafe_background.c.obj
 .text.async_context_threadsafe_background_remove_at_time_worker
                0x10007f0c       0x34 CMakeFiles/main.dir/mnt/d/sdk/pico-sdk/src/rp2_common/pico_async_context/async_context_threadsafe_background.c.obj
 .text.async_context_threadsafe_background_add_when_pending_worker
                0x10007f40       0x34 CMakeFiles/main.dir/mnt/d/sdk/pico-sdk/src/rp2_common/pico_async_context/async_context_threadsafe_background.c.obj
 .text.async_context_threadsafe_background_when_pending_worker
                0x10007f74       0x34 CMakeFiles/main.dir/mnt/d/sdk/pico-sdk/src/rp2_common/pico_async_context/async_context_threadsafe_background.c.obj
 .text.async_context_threadsafe_background_default_config
                0x10007fa8        0xc CMakeFiles/main.dir/mnt/d/sdk/pico-sdk/src/rp2_common/pico_async_context/async_context_threadsafe_background.c.obj
                0x10007fa8                async_context_threadsafe_background_default_config
 .text.async_context_threadsafe_background_init
                0x10007fb4       0x8c CMakeFiles/main.dir/mnt/d/sdk/pico-sdk/src/rp2_common/pico_async_context/async_context_threadsafe_background.c.obj
                0x10007fb4                async_context_threadsafe_background_init
 .text.async_context_base_add_at_time_worker
                0x10008040       0x24 CMakeFiles/main.dir/mnt/d/sdk/pico-sdk/src/rp2_common/pico_async_context/async_context_base.c.obj
                0x10008040                async_context_base_add_at_time_worker
 .text.async_context_base_remove_at_time_worker
                0x10008064       0x28 CMakeFiles/main.dir/mnt/d/sdk/pico-sdk/src/rp2_common/pico_async_context/async_context_base.c.obj
                0x10008064                async_context_base_remove_at_time_worker
 .text.async_context_base_add_when_pending_worker
                0x1000808c       0x24 CMakeFiles/main.dir/mnt/d/sdk/pico-sdk/src/rp2_common/pico_async_context/async_context_base.c.obj
                0x1000808c                async_context_base_add_when_pending_worker
 .text.async_context_base_remove_when_pending_worker
                0x100080b0       0x28 CMakeFiles/main.dir/mnt/d/sdk/pico-sdk/src/rp2_common/pico_async_context/async_context_base.c.obj
                0x100080b0                async_context_base_remove_when_pending_worker
 .text.async_context_base_execute_once
                0x100080d8       0xfc CMakeFiles/main.dir/mnt/d/sdk/pico-sdk/src/rp2_common/pico_async_context/async_context_base.c.obj
                0x100080d8                async_context_base_execute_once
 .text          0x100081d4       0x5c /usr/lib/gcc/arm-none-eabi/12.2.1/../../../arm-none-eabi/lib/thumb/v6-m/nofp/libc.a(lib_a-strlen-stub.o)
                0x100081d4                strlen
 .text          0x10008230       0x74 /usr/lib/gcc/arm-none-eabi/12.2.1/../../../arm-none-eabi/lib/thumb/v6-m/nofp/libc.a(lib_a-strncmp.o)
                0x10008230                strncmp
 *(.fini)
 .fini          0x100082a4        0x4 /usr/lib/gcc/arm-none-eabi/12.2.1/thumb/v6-m/nofp/crti.o
                0x100082a4                _fini
 .fini.__stub   0x100082a8       0xb0 linker stubs
 *crtbegin.o(.ctors)
 *crtbegin?.o(.ctors)
 *(EXCLUDE_FILE(*crtend.o *crtend?.o) .ctors)
 *(SORT_BY_NAME(.ctors.*))
 *(.ctors)
 *crtbegin.o(.dtors)
 *crtbegin?.o(.dtors)
 *(EXCLUDE_FILE(*crtend.o *crtend?.o) .dtors)
 *(SORT_BY_NAME(.dtors.*))
 *(.dtors)
 *(.eh_frame*)
 .eh_frame      0x10008358        0x0 /usr/lib/gcc/arm-none-eabi/12.2.1/thumb/v6-m/nofp/crtbegin.o
                0x10008358                        . = ALIGN (0x4)

.glue_7         0x10008358        0x0
 .glue_7        0x10008358        0x0 linker stubs

.glue_7t        0x10008358        0x0
 .glue_7t       0x10008358        0x0 linker stubs

.vfp11_veneer   0x10008358        0x0
 .vfp11_veneer  0x10008358        0x0 linker stubs

.v4_bx          0x10008358        0x0
 .v4_bx         0x10008358        0x0 linker stubs

.iplt           0x10008358        0x0
 .iplt          0x10008358        0x0 /usr/lib/gcc/arm-none-eabi/12.2.1/thumb/v6-m/nofp/crtbegin.o

.rodata         0x10008358    0x37c9c
 *(EXCLUDE_FILE(*libm.a: *libc.a:*lib_a-mem*.o *libgcc.a:) .rodata*)
 .rodata.main.str1.4
                0x10008358      0x4c4 CMakeFiles/main.dir/main.c.obj
                                 0x12 (size before relaxing)
 .rodata.user_irq_claim_unused.str1.4
                0x1000881c       0x1b CMakeFiles/main.dir/mnt/d/sdk/pico-sdk/src/rp2_common/hardware_irq/irq.c.obj
 *fill*         0x1000881c        0x4 
 .rodata.at_the_end_of_time
                0x10008820        0x8 CMakeFiles/main.dir/mnt/d/sdk/pico-sdk/src/common/pico_time/time.c.obj
                0x10008820                at_the_end_of_time
 .rodata.hardware_alarm_claim.str1.4
                0x10008828       0x22 CMakeFiles/main.dir/mnt/d/sdk/pico-sdk/src/rp2_common/hardware_timer/timer.c.obj
 .rodata.panic.str1.4
                0x10008828       0x12 CMakeFiles/main.dir/mnt/d/sdk/pico-sdk/src/rp2_common/pico_runtime/runtime.c.obj
 .rodata.hard_assertion_failure.str1.4
                0x10008828        0xc CMakeFiles/main.dir/mnt/d/sdk/pico-sdk/src/rp2_common/pico_runtime/runtime.c.obj
 .rodata._ftoa.str1.4
                0x10008828       0x15 CMakeFiles/main.dir/mnt/d/sdk/pico-sdk/src/rp2_common/pico_printf/printf.c.obj
 .rodata._vsnprintf
                0x10008828      0x19c CMakeFiles/main.dir/mnt/d/sdk/pico-sdk/src/rp2_common/pico_printf/printf.c.obj
 *fill*         0x100089c4        0x4 
 .rodata.pow10.0
                0x100089c8       0x50 CMakeFiles/main.dir/mnt/d/sdk/pico-sdk/src/rp2_common/pico_printf/printf.c.obj
 .rodata.missing_double_func_shim.str1.4
                0x10008a18       0x18 CMakeFiles/main.dir/mnt/d/sdk/pico-sdk/src/rp2_common/pico_double/double_init_rom.c.obj
 .rodata.missing_float_func_shim.str1.4
                0x10008a18        0x1 CMakeFiles/main.dir/mnt/d/sdk/pico-sdk/src/rp2_common/pico_float/float_init_rom.c.obj
 .rodata.str1.4
                0x10008a18       0x3c CMakeFiles/main.dir/mnt/d/sdk/pico-sdk/src/rp2_common/pico_standard_link/binary_info.c.obj
 .rodata.__bi_81
                0x10008a18        0xc CMakeFiles/main.dir/mnt/d/sdk/pico-sdk/src/rp2_common/pico_standard_link/binary_info.c.obj
 .rodata.__bi_75
                0x10008a24        0xc CMakeFiles/main.dir/mnt/d/sdk/pico-sdk/src/rp2_common/pico_standard_link/binary_info.c.obj
 .rodata.__bi_44
                0x10008a30        0xc CMakeFiles/main.dir/mnt/d/sdk/pico-sdk/src/rp2_common/pico_standard_link/binary_info.c.obj
 .rodata.crlf_str.0
                0x10008a3c        0x2 CMakeFiles/main.dir/mnt/d/sdk/pico-sdk/src/rp2_common/pico_stdio/stdio.c.obj
 .rodata.str1.4
                0x10008a3e       0x2c CMakeFiles/main.dir/mnt/d/sdk/pico-sdk/src/rp2_common/pico_stdio_uart/stdio_uart.c.obj
 *fill*         0x10008a3e        0x2 
 .rodata.__bi_33.4
                0x10008a40        0xc CMakeFiles/main.dir/mnt/d/sdk/pico-sdk/src/rp2_common/pico_stdio_uart/stdio_uart.c.obj
 .rodata.__bi_34.5
                0x10008a4c        0x8 CMakeFiles/main.dir/mnt/d/sdk/pico-sdk/src/rp2_common/pico_stdio_uart/stdio_uart.c.obj
 .rodata.cyw43_read_bytes.str1.4
                0x10008a54       0x1a CMakeFiles/main.dir/mnt/d/sdk/pico-sdk/src/rp2_common/pico_cyw43_driver/cyw43_bus_pio_spi.c.obj
 .rodata.cyw43_write_bytes.str1.4
                0x10008a54        0xd CMakeFiles/main.dir/mnt/d/sdk/pico-sdk/src/rp2_common/pico_cyw43_driver/cyw43_bus_pio_spi.c.obj
 .rodata.spi_gap01_sample0_program
                0x10008a54        0x6 CMakeFiles/main.dir/mnt/d/sdk/pico-sdk/src/rp2_common/pico_cyw43_driver/cyw43_bus_pio_spi.c.obj
 *fill*         0x10008a5a        0x2 
 .rodata.spi_gap01_sample0_program_instructions
                0x10008a5c        0xc CMakeFiles/main.dir/mnt/d/sdk/pico-sdk/src/rp2_common/pico_cyw43_driver/cyw43_bus_pio_spi.c.obj
 .rodata.cyw43_kso_set.str1.4
                0x10008a68       0x23 CMakeFiles/main.dir/mnt/d/sdk/pico-sdk/lib/cyw43-driver/src/cyw43_ll.c.obj
 .rodata.cyw43_ll_sdpcm_poll_device.str1.4
                0x10008a68       0x55 CMakeFiles/main.dir/mnt/d/sdk/pico-sdk/lib/cyw43-driver/src/cyw43_ll.c.obj
 .rodata.cyw43_sdpcm_send_common.str1.4
                0x10008a68       0x22 CMakeFiles/main.dir/mnt/d/sdk/pico-sdk/lib/cyw43-driver/src/cyw43_ll.c.obj
 .rodata.cyw43_do_ioctl.str1.4
                0x10008a68       0x55 CMakeFiles/main.dir/mnt/d/sdk/pico-sdk/lib/cyw43-driver/src/cyw43_ll.c.obj
 .rodata.reset_device_core.constprop.0.str1.4
                0x10008a68       0x1a CMakeFiles/main.dir/mnt/d/sdk/pico-sdk/lib/cyw43-driver/src/cyw43_ll.c.obj
 .rodata.cyw43_ll_process_packets.str1.4
                0x10008a68       0x22 CMakeFiles/main.dir/mnt/d/sdk/pico-sdk/lib/cyw43-driver/src/cyw43_ll.c.obj
 .rodata.cyw43_ll_bus_init.str1.4
                0x10008a68       0xfe CMakeFiles/main.dir/mnt/d/sdk/pico-sdk/lib/cyw43-driver/src/cyw43_ll.c.obj
 .rodata.cyw43_ll_gpio_set.str1.4
                0x10008a68        0x8 CMakeFiles/main.dir/mnt/d/sdk/pico-sdk/lib/cyw43-driver/src/cyw43_ll.c.obj
 .rodata.w43439A0_7_95_49_00_combined
                0x10008a68    0x36fd8 CMakeFiles/main.dir/mnt/d/sdk/pico-sdk/lib/cyw43-driver/src/cyw43_ll.c.obj
 .rodata.wifi_nvram_4343
                0x1003fa40      0x2e7 CMakeFiles/main.dir/mnt/d/sdk/pico-sdk/lib/cyw43-driver/src/cyw43_ll.c.obj
 *fill*         0x1003fd27        0x1 
 .rodata        0x1003fd28       0x72 CMakeFiles/main.dir/mnt/d/sdk/pico-sdk/lib/cyw43-driver/src/cyw43_ll.c.obj
 .rodata.cyw43_cb_process_async_event.str1.4
                0x1003fd9a       0x28 CMakeFiles/main.dir/mnt/d/sdk/pico-sdk/lib/cyw43-driver/src/cyw43_ctrl.c.obj
 *fill*         0x1003fd9a        0x2 
 .rodata.cyw43_cb_process_async_event
                0x1003fd9c       0xbc CMakeFiles/main.dir/mnt/d/sdk/pico-sdk/lib/cyw43-driver/src/cyw43_ctrl.c.obj
 .rodata.str1.4
                0x1003fe58       0x9e CMakeFiles/main.dir/mnt/d/sdk/pico-sdk/lib/cyw43-driver/src/cyw43_ctrl.c.obj
 .rodata.cyw43_async_event_name_table
                0x1003fe58      0x164 CMakeFiles/main.dir/mnt/d/sdk/pico-sdk/lib/cyw43-driver/src/cyw43_ctrl.c.obj
 .rodata.pio_claim_unused_sm.str1.4
                0x1003ffbc       0x24 CMakeFiles/main.dir/mnt/d/sdk/pico-sdk/src/rp2_common/hardware_pio/pio.c.obj
 .rodata.pio_add_program.str1.4
                0x1003ffbc       0x11 CMakeFiles/main.dir/mnt/d/sdk/pico-sdk/src/rp2_common/hardware_pio/pio.c.obj
 .rodata.dma_claim_unused_channel.str1.4
                0x1003ffbc       0x1e CMakeFiles/main.dir/mnt/d/sdk/pico-sdk/src/rp2_common/hardware_dma/dma.c.obj
 .rodata.cyw43_cb_tcpip_set_link_up.str1.4
                0x1003ffbc       0x20 CMakeFiles/main.dir/mnt/d/sdk/pico-sdk/src/rp2_common/pico_cyw43_driver/cyw43_driver.c.obj
 .rodata.async_context_threadsafe_background_lock_check.str1.4
                0x1003ffbc       0x20 CMakeFiles/main.dir/mnt/d/sdk/pico-sdk/src/rp2_common/pico_async_context/async_context_threadsafe_background.c.obj
 .rodata.template
                0x1003ffbc       0x38 CMakeFiles/main.dir/mnt/d/sdk/pico-sdk/src/rp2_common/pico_async_context/async_context_threadsafe_background.c.obj
                0x1003fff4                        . = ALIGN (0x4)
 *(SORT_BY_ALIGNMENT(SORT_BY_NAME(.flashdata*)))
                0x1003fff4                        . = ALIGN (0x4)

.rel.dyn        0x1003fff4        0x0
 .rel.iplt      0x1003fff4        0x0 /usr/lib/gcc/arm-none-eabi/12.2.1/thumb/v6-m/nofp/crtbegin.o

.ARM.extab
 *(.ARM.extab* .gnu.linkonce.armextab.*)
                0x1003fff4                        __exidx_start = .

.ARM.exidx
 *(.ARM.exidx* .gnu.linkonce.armexidx.*)
                0x1003fff4                        __exidx_end = .
                0x1003fff4                        . = ALIGN (0x4)
                0x1003fff4                        __binary_info_start = .

.binary_info    0x1003fff4       0x24
 *(.binary_info.keep.*)
 .binary_info.keep.__bi_ptr81
                0x1003fff4        0x4 CMakeFiles/main.dir/mnt/d/sdk/pico-sdk/src/rp2_common/pico_standard_link/binary_info.c.obj
 .binary_info.keep.__bi_ptr75
                0x1003fff8        0x4 CMakeFiles/main.dir/mnt/d/sdk/pico-sdk/src/rp2_common/pico_standard_link/binary_info.c.obj
 .binary_info.keep.__bi_ptr50
                0x1003fffc        0x4 CMakeFiles/main.dir/mnt/d/sdk/pico-sdk/src/rp2_common/pico_standard_link/binary_info.c.obj
 .binary_info.keep.__bi_ptr44
                0x10040000        0x4 CMakeFiles/main.dir/mnt/d/sdk/pico-sdk/src/rp2_common/pico_standard_link/binary_info.c.obj
 .binary_info.keep.__bi_ptr38
                0x10040004        0x4 CMakeFiles/main.dir/mnt/d/sdk/pico-sdk/src/rp2_common/pico_standard_link/binary_info.c.obj
 .binary_info.keep.__bi_ptr30
                0x10040008        0x4 CMakeFiles/main.dir/mnt/d/sdk/pico-sdk/src/rp2_common/pico_standard_link/binary_info.c.obj
 .binary_info.keep.__bi_ptr22
                0x1004000c        0x4 CMakeFiles/main.dir/mnt/d/sdk/pico-sdk/src/rp2_common/pico_standard_link/binary_info.c.obj
 *(.binary_info.*)
 .binary_info.__bi_ptr34
                0x10040010        0x4 CMakeFiles/main.dir/mnt/d/sdk/pico-sdk/src/rp2_common/pico_stdio_uart/stdio_uart.c.obj
 .binary_info.__bi_ptr33
                0x10040014        0x4 CMakeFiles/main.dir/mnt/d/sdk/pico-sdk/src/rp2_common/pico_stdio_uart/stdio_uart.c.obj
                0x10040018                        __binary_info_end = .
                0x10040018                        . = ALIGN (0x4)
                0x10040018                        __etext = .

.ram_vector_table
                0x20000000       0xc0
 *(.ram_vector_table)
 .ram_vector_table
                0x20000000       0xc0 CMakeFiles/main.dir/mnt/d/sdk/pico-sdk/src/rp2_common/pico_runtime/runtime.c.obj
                0x20000000                ram_vector_table

.data           0x200000c0      0x550 load address 0x10040018
                0x200000c0                        __data_start__ = .
 *(vtable)
 *(.time_critical*)
 .time_critical.sem_acquire_block_until
                0x200000c0       0x68 CMakeFiles/main.dir/mnt/d/sdk/pico-sdk/src/common/pico_sync/sem.c.obj
                0x200000c0                sem_acquire_block_until
 .time_critical.sem_release
                0x20000128       0x4c CMakeFiles/main.dir/mnt/d/sdk/pico-sdk/src/common/pico_sync/sem.c.obj
                0x20000128                sem_release
 .time_critical.recursive_mutex_enter_blocking
                0x20000174       0x54 CMakeFiles/main.dir/mnt/d/sdk/pico-sdk/src/common/pico_sync/mutex.c.obj
                0x20000174                recursive_mutex_enter_blocking
 .time_critical.mutex_try_enter_block_until
                0x200001c8       0x9c CMakeFiles/main.dir/mnt/d/sdk/pico-sdk/src/common/pico_sync/mutex.c.obj
                0x200001c8                mutex_try_enter_block_until
 .time_critical.recursive_mutex_try_enter
                0x20000264       0x50 CMakeFiles/main.dir/mnt/d/sdk/pico-sdk/src/common/pico_sync/mutex.c.obj
                0x20000264                recursive_mutex_try_enter
 .time_critical.mutex_exit
                0x200002b4       0x28 CMakeFiles/main.dir/mnt/d/sdk/pico-sdk/src/common/pico_sync/mutex.c.obj
                0x200002b4                mutex_exit
 .time_critical.recursive_mutex_exit
                0x200002dc       0x44 CMakeFiles/main.dir/mnt/d/sdk/pico-sdk/src/common/pico_sync/mutex.c.obj
                0x200002dc                recursive_mutex_exit
 .time_critical.flash_init_boot2_copyout
                0x20000320       0x30 CMakeFiles/main.dir/mnt/d/sdk/pico-sdk/src/rp2_common/hardware_flash/flash.c.obj
 .time_critical.flash_enable_xip_via_boot2
                0x20000350        0xc CMakeFiles/main.dir/mnt/d/sdk/pico-sdk/src/rp2_common/hardware_flash/flash.c.obj
 .time_critical.flash_cs_force
                0x2000035c       0x38 CMakeFiles/main.dir/mnt/d/sdk/pico-sdk/src/rp2_common/hardware_flash/flash.c.obj
 .time_critical.flash_do_cmd
                0x20000394       0xc0 CMakeFiles/main.dir/mnt/d/sdk/pico-sdk/src/rp2_common/hardware_flash/flash.c.obj
                0x20000394                flash_do_cmd
 *(.text*)
 .text          0x20000454        0x4 /usr/lib/gcc/arm-none-eabi/12.2.1/thumb/v6-m/nofp/libgcc.a(_dvmd_tls.o)
                0x20000454                __aeabi_ldiv0
                0x20000454                __aeabi_idiv0
 .text          0x20000458       0xac /usr/lib/gcc/arm-none-eabi/12.2.1/../../../arm-none-eabi/lib/thumb/v6-m/nofp/libc.a(lib_a-memmove.o)
                0x20000458                memmove
 *fill*         0x20000504        0x4 
 .text.__stub   0x20000508       0x10 linker stubs
                0x20000518                        . = ALIGN (0x4)
 *(.rodata*)
                0x20000518                        . = ALIGN (0x4)
 *(.data*)
 .data.striped_spin_lock_num
                0x20000518        0x1 CMakeFiles/main.dir/mnt/d/sdk/pico-sdk/src/rp2_common/hardware_sync/sync.c.obj
 *fill*         0x20000519        0x3 
 .data          0x2000051c       0x48 CMakeFiles/main.dir/mnt/d/sdk/pico-sdk/src/rp2_common/hardware_irq/irq_handler_chain.S.obj
                0x2000051c                irq_handler_chain_slots
                0x2000054c                irq_handler_chain_first_slot
                0x20000556                irq_handler_chain_remove_tail
 .data.default_alarm_pool
                0x20000564       0x18 CMakeFiles/main.dir/mnt/d/sdk/pico-sdk/src/common/pico_time/time.c.obj
 .data.default_alarm_pool_heap
                0x2000057c       0x10 CMakeFiles/main.dir/mnt/d/sdk/pico-sdk/src/common/pico_time/time.c.obj
 *fill*         0x2000058c        0x4 
 .data.aeabi_bits_funcs
                0x20000590       0x10 CMakeFiles/main.dir/mnt/d/sdk/pico-sdk/src/rp2_common/pico_bit_ops/bit_ops_aeabi.S.obj
                0x20000590                aeabi_bits_funcs
                0x200005a0                aeabi_bits_funcs_end
 .data.aeabi_mem_funcs
                0x200005a0       0x10 CMakeFiles/main.dir/mnt/d/sdk/pico-sdk/src/rp2_common/pico_mem_ops/mem_ops_aeabi.S.obj
                0x200005a0                aeabi_mem_funcs
                0x200005b0                aeabi_mem_funcs_end
 .data.stdio_uart
                0x200005b0       0x18 CMakeFiles/main.dir/mnt/d/sdk/pico-sdk/src/rp2_common/pico_stdio_uart/stdio_uart.c.obj
                0x200005b0                stdio_uart
 .data.cyw43_poll_worker
                0x200005c8        0xc CMakeFiles/main.dir/mnt/d/sdk/pico-sdk/src/rp2_common/pico_cyw43_driver/cyw43_driver.c.obj
 *fill*         0x200005d4        0x4 
 .data.sleep_timeout_worker
                0x200005d8       0x18 CMakeFiles/main.dir/mnt/d/sdk/pico-sdk/src/rp2_common/pico_cyw43_driver/cyw43_driver.c.obj
                0x200005f0                        . = ALIGN (0x4)
 *(.after_data.*)
                0x200005f0                        . = ALIGN (0x4)
                0x200005f0                        PROVIDE (__mutex_array_start = .)
 *(SORT_BY_NAME(.mutex_array.*))
 *(.mutex_array)
 .mutex_array   0x200005f0        0x8 CMakeFiles/main.dir/mnt/d/sdk/pico-sdk/src/rp2_common/pico_stdio/stdio.c.obj
                0x200005f8                        PROVIDE (__mutex_array_end = .)
                0x200005f8                        . = ALIGN (0x4)
                0x200005f8                        PROVIDE (__preinit_array_start = .)
 *(SORT_BY_NAME(.preinit_array.*))
 .preinit_array.00001
                0x200005f8        0x4 CMakeFiles/main.dir/mnt/d/sdk/pico-sdk/src/rp2_common/pico_mem_ops/mem_ops_aeabi.S.obj
 .preinit_array.00010
                0x200005fc        0x4 CMakeFiles/main.dir/mnt/d/sdk/pico-sdk/src/rp2_common/pico_bit_ops/bit_ops_aeabi.S.obj
 .preinit_array.00020
                0x20000600        0x4 CMakeFiles/main.dir/mnt/d/sdk/pico-sdk/src/rp2_common/pico_double/double_aeabi.S.obj
 .preinit_array.00020
                0x20000604        0x4 CMakeFiles/main.dir/mnt/d/sdk/pico-sdk/src/rp2_common/pico_float/float_aeabi.S.obj
 *(.preinit_array)
                0x20000608                        PROVIDE (__preinit_array_end = .)
                0x20000608                        . = ALIGN (0x4)
                0x20000608                        PROVIDE (__init_array_start = .)
 *(SORT_BY_NAME(.init_array.*))
 *(.init_array)
 .init_array    0x20000608        0x4 /usr/lib/gcc/arm-none-eabi/12.2.1/thumb/v6-m/nofp/crtbegin.o
 .init_array    0x2000060c        0x4 CMakeFiles/main.dir/mnt/d/sdk/pico-sdk/src/rp2_common/pico_unique_id/unique_id.c.obj
                0x20000610                        PROVIDE (__init_array_end = .)
                0x20000610                        . = ALIGN (0x4)
                0x20000610                        PROVIDE (__fini_array_start = .)
 *(SORT_BY_NAME(.fini_array.*))
 *(.fini_array)
                0x20000610                        PROVIDE (__fini_array_end = .)
 *(.jcr)
                0x20000610                        . = ALIGN (0x4)
                0x20000610                        __data_end__ = .

.tm_clone_table
                0x20000610        0x0 load address 0x10040568
 .tm_clone_table
                0x20000610        0x0 /usr/lib/gcc/arm-none-eabi/12.2.1/thumb/v6-m/nofp/crtbegin.o
 .tm_clone_table
                0x20000610        0x0 /usr/lib/gcc/arm-none-eabi/12.2.1/thumb/v6-m/nofp/crtend.o

.igot.plt       0x20000610        0x0 load address 0x10040568
 .igot.plt      0x20000610        0x0 /usr/lib/gcc/arm-none-eabi/12.2.1/thumb/v6-m/nofp/crtbegin.o

.uninitialized_data
                0x20000610        0x0 load address 0x10040568
                0x20000610                        . = ALIGN (0x4)
 *(.uninitialized_data*)

.scratch_x      0x20040000        0x0 load address 0x10040568
                0x20040000                        __scratch_x_start__ = .
 *(.scratch_x.*)
                0x20040000                        . = ALIGN (0x4)
                0x20040000                        __scratch_x_end__ = .
                0x10040568                        __scratch_x_source__ = LOADADDR (.scratch_x)

.scratch_y      0x20041000        0x0 load address 0x10040568
                0x20041000                        __scratch_y_start__ = .
 *(.scratch_y.*)
                0x20041000                        . = ALIGN (0x4)
                0x20041000                        __scratch_y_end__ = .
                0x10040568                        __scratch_y_source__ = LOADADDR (.scratch_y)

.bss            0x20000610      0xe58
                0x20000610                        . = ALIGN (0x4)
                0x20000610                        __bss_start__ = .
 *(SORT_BY_ALIGNMENT(SORT_BY_NAME(.bss*)))
 .bss.configured_freq
                0x20000610       0x28 CMakeFiles/main.dir/mnt/d/sdk/pico-sdk/src/rp2_common/hardware_clocks/clocks.c.obj
 .bss.cyw43_async_context_threadsafe_background
                0x20000638       0x48 CMakeFiles/main.dir/mnt/d/sdk/pico-sdk/src/rp2_common/pico_cyw43_arch/cyw43_arch_threadsafe_background.c.obj
 .bss.default_alarm_pool_entries
                0x20000680      0x100 CMakeFiles/main.dir/mnt/d/sdk/pico-sdk/src/common/pico_time/time.c.obj
 .bss.sd_table  0x20000780      0x100 CMakeFiles/main.dir/mnt/d/sdk/pico-sdk/src/rp2_common/pico_double/double_init_rom.c.obj
                0x20000780                sd_table
 .bss           0x20000880       0x1c /usr/lib/gcc/arm-none-eabi/12.2.1/thumb/v6-m/nofp/crtbegin.o
 .bss._used_instruction_space
                0x2000089c        0x8 CMakeFiles/main.dir/mnt/d/sdk/pico-sdk/src/rp2_common/hardware_pio/pio.c.obj
 .bss.alarm_callbacks
                0x200008a4       0x10 CMakeFiles/main.dir/mnt/d/sdk/pico-sdk/src/rp2_common/hardware_timer/timer.c.obj
 .bss.async_context
                0x200008b4        0x4 CMakeFiles/main.dir/mnt/d/sdk/pico-sdk/src/rp2_common/pico_cyw43_arch/cyw43_arch.c.obj
 .bss.async_contexts_by_user_irq
                0x200008b8       0x18 CMakeFiles/main.dir/mnt/d/sdk/pico-sdk/src/rp2_common/pico_async_context/async_context_threadsafe_background.c.obj
 .bss.boot2_copyout
                0x200008d0      0x100 CMakeFiles/main.dir/mnt/d/sdk/pico-sdk/src/rp2_common/hardware_flash/flash.c.obj
 .bss.bus_data_instance
                0x200009d0        0xc CMakeFiles/main.dir/mnt/d/sdk/pico-sdk/src/rp2_common/pico_cyw43_driver/cyw43_bus_pio_spi.c.obj
 .bss.chars_available_callback
                0x200009dc        0x4 CMakeFiles/main.dir/mnt/d/sdk/pico-sdk/src/rp2_common/pico_stdio_uart/stdio_uart.c.obj
 .bss.chars_available_param
                0x200009e0        0x4 CMakeFiles/main.dir/mnt/d/sdk/pico-sdk/src/rp2_common/pico_stdio_uart/stdio_uart.c.obj
 .bss.cyw43_async_context
                0x200009e4        0x4 CMakeFiles/main.dir/mnt/d/sdk/pico-sdk/src/rp2_common/pico_cyw43_driver/cyw43_driver.c.obj
 .bss.cyw43_poll
                0x200009e8        0x4 CMakeFiles/main.dir/mnt/d/sdk/pico-sdk/lib/cyw43-driver/src/cyw43_ctrl.c.obj
                0x200009e8                cyw43_poll
 .bss.cyw43_sleep
                0x200009ec        0x4 CMakeFiles/main.dir/mnt/d/sdk/pico-sdk/lib/cyw43-driver/src/cyw43_ctrl.c.obj
                0x200009ec                cyw43_sleep
 .bss.cyw43_state
                0x200009f0      0x8e0 CMakeFiles/main.dir/mnt/d/sdk/pico-sdk/lib/cyw43-driver/src/cyw43_ctrl.c.obj
                0x200009f0                cyw43_state
 .bss.default_alarm_pool_entry_ids_high
                0x200012d0       0x10 CMakeFiles/main.dir/mnt/d/sdk/pico-sdk/src/common/pico_time/time.c.obj
 .bss.default_alarm_pool_heap_nodes
                0x200012e0       0x30 CMakeFiles/main.dir/mnt/d/sdk/pico-sdk/src/common/pico_time/time.c.obj
 .bss.drivers   0x20001310        0x4 CMakeFiles/main.dir/mnt/d/sdk/pico-sdk/src/rp2_common/pico_stdio/stdio.c.obj
 .bss.filter    0x20001314        0x4 CMakeFiles/main.dir/mnt/d/sdk/pico-sdk/src/rp2_common/pico_stdio/stdio.c.obj
 .bss.lazy_vsnprintf
                0x20001318        0x4 CMakeFiles/main.dir/mnt/d/sdk/pico-sdk/src/rp2_common/pico_printf/printf.c.obj
 .bss.pools     0x2000131c       0x10 CMakeFiles/main.dir/mnt/d/sdk/pico-sdk/src/common/pico_time/time.c.obj
 .bss.raw_irq_mask
                0x2000132c        0x8 CMakeFiles/main.dir/mnt/d/sdk/pico-sdk/src/rp2_common/hardware_gpio/gpio.c.obj
 .bss.retrieved_id
                0x20001334        0x8 CMakeFiles/main.dir/mnt/d/sdk/pico-sdk/src/rp2_common/pico_unique_id/unique_id.c.obj
 .bss.sf_clz_func
                0x2000133c        0x4 CMakeFiles/main.dir/mnt/d/sdk/pico-sdk/src/rp2_common/pico_double/double_init_rom.c.obj
                0x2000133c                sf_clz_func
 .bss.sf_table  0x20001340      0x100 CMakeFiles/main.dir/mnt/d/sdk/pico-sdk/src/rp2_common/pico_float/float_init_rom.c.obj
                0x20001340                sf_table
 .bss.sleep_notifier
                0x20001440        0x4 CMakeFiles/main.dir/mnt/d/sdk/pico-sdk/src/common/pico_time/time.c.obj
 .bss.target_hi
                0x20001444       0x10 CMakeFiles/main.dir/mnt/d/sdk/pico-sdk/src/rp2_common/hardware_timer/timer.c.obj
 .bss.uart_char_to_line_feed
                0x20001454        0x4 CMakeFiles/main.dir/mnt/d/sdk/pico-sdk/src/rp2_common/hardware_uart/uart.c.obj
                0x20001454                uart_char_to_line_feed
 .bss.uart_instance
                0x20001458        0x4 CMakeFiles/main.dir/mnt/d/sdk/pico-sdk/src/rp2_common/pico_stdio_uart/stdio_uart.c.obj
 .bss._claimed  0x2000145c        0x2 CMakeFiles/main.dir/mnt/d/sdk/pico-sdk/src/rp2_common/hardware_dma/dma.c.obj
 .bss.last_spi_int.0
                0x2000145e        0x2 CMakeFiles/main.dir/mnt/d/sdk/pico-sdk/lib/cyw43-driver/src/cyw43_ll.c.obj
 .bss.boot2_copyout_valid
                0x20001460        0x1 CMakeFiles/main.dir/mnt/d/sdk/pico-sdk/src/rp2_common/hardware_flash/flash.c.obj
 .bss.claimed   0x20001461        0x1 CMakeFiles/main.dir/mnt/d/sdk/pico-sdk/src/rp2_common/hardware_timer/timer.c.obj
 .bss.claimed   0x20001462        0x1 CMakeFiles/main.dir/mnt/d/sdk/pico-sdk/src/rp2_common/hardware_pio/pio.c.obj
 .bss.irq_hander_chain_free_slot_head
                0x20001463        0x1 CMakeFiles/main.dir/mnt/d/sdk/pico-sdk/src/rp2_common/hardware_irq/irq.c.obj
 .bss.timer_callbacks_pending
                0x20001464        0x1 CMakeFiles/main.dir/mnt/d/sdk/pico-sdk/src/rp2_common/hardware_timer/timer.c.obj
 .bss.user_irq_claimed
                0x20001465        0x1 CMakeFiles/main.dir/mnt/d/sdk/pico-sdk/src/rp2_common/hardware_irq/irq.c.obj
 *(COMMON)
                0x20001468                        . = ALIGN (0x4)
 *fill*         0x20001466        0x2 
                0x20001468                        __bss_end__ = .

.heap           0x20001468      0x800
                0x20001468                        __end__ = .
                0x20001468                        end = __end__
 *(.heap*)
 .heap          0x20001468      0x800 CMakeFiles/main.dir/mnt/d/sdk/pico-sdk/src/rp2_common/pico_standard_link/crt0.S.obj
                0x20001c68                        __HeapLimit = .

.stack1_dummy
 *(.stack1*)

.stack_dummy    0x20041000      0x800
 *(.stack*)
 .stack         0x20041000      0x800 CMakeFiles/main.dir/mnt/d/sdk/pico-sdk/src/rp2_common/pico_standard_link/crt0.S.obj

.flash_end      0x10040568        0x0
                0x10040568                        __flash_binary_end = .
                0x20040000                        __StackLimit = (ORIGIN (RAM) + LENGTH (RAM))
                0x20041000                        __StackOneTop = (ORIGIN (SCRATCH_X) + LENGTH (SCRATCH_X))
                0x20042000                        __StackTop = (ORIGIN (SCRATCH_Y) + LENGTH (SCRATCH_Y))
                0x20041000                        __StackOneBottom = (__StackOneTop - SIZEOF (.stack1_dummy))
                0x20041800                        __StackBottom = (__StackTop - SIZEOF (.stack_dummy))
                0x20042000                        PROVIDE (__stack = __StackTop)
                0x00000001                        ASSERT ((__StackLimit >= __HeapLimit), region RAM overflowed)
                0x00000001                        ASSERT (((__binary_info_header_end - __logical_binary_start) <= 0x100), Binary info must be in first 256 bytes of the binary)
LOAD CMakeFiles/main.dir/main.c.obj
LOAD CMakeFiles/main.dir/soundctrl.c.obj
LOAD CMakeFiles/main.dir/mnt/d/sdk/pico-sdk/src/rp2_common/pico_stdlib/stdlib.c.obj
LOAD CMakeFiles/main.dir/mnt/d/sdk/pico-sdk/src/rp2_common/hardware_gpio/gpio.c.obj
LOAD CMakeFiles/main.dir/mnt/d/sdk/pico-sdk/src/rp2_common/pico_platform/platform.c.obj
LOAD CMakeFiles/main.dir/mnt/d/sdk/pico-sdk/src/rp2_common/hardware_claim/claim.c.obj
LOAD CMakeFiles/main.dir/mnt/d/sdk/pico-sdk/src/rp2_common/hardware_sync/sync.c.obj
LOAD CMakeFiles/main.dir/mnt/d/sdk/pico-sdk/src/rp2_common/hardware_irq/irq.c.obj
LOAD CMakeFiles/main.dir/mnt/d/sdk/pico-sdk/src/rp2_common/hardware_irq/irq_handler_chain.S.obj
LOAD CMakeFiles/main.dir/mnt/d/sdk/pico-sdk/src/common/pico_sync/sem.c.obj
LOAD CMakeFiles/main.dir/mnt/d/sdk/pico-sdk/src/common/pico_sync/lock_core.c.obj
LOAD CMakeFiles/main.dir/mnt/d/sdk/pico-sdk/src/common/pico_sync/mutex.c.obj
LOAD CMakeFiles/main.dir/mnt/d/sdk/pico-sdk/src/common/pico_sync/critical_section.c.obj
LOAD CMakeFiles/main.dir/mnt/d/sdk/pico-sdk/src/common/pico_time/time.c.obj
LOAD CMakeFiles/main.dir/mnt/d/sdk/pico-sdk/src/common/pico_time/timeout_helper.c.obj
LOAD CMakeFiles/main.dir/mnt/d/sdk/pico-sdk/src/rp2_common/hardware_timer/timer.c.obj
LOAD CMakeFiles/main.dir/mnt/d/sdk/pico-sdk/src/common/pico_util/datetime.c.obj
LOAD CMakeFiles/main.dir/mnt/d/sdk/pico-sdk/src/common/pico_util/pheap.c.obj
LOAD CMakeFiles/main.dir/mnt/d/sdk/pico-sdk/src/common/pico_util/queue.c.obj
LOAD CMakeFiles/main.dir/mnt/d/sdk/pico-sdk/src/rp2_common/hardware_uart/uart.c.obj
LOAD CMakeFiles/main.dir/mnt/d/sdk/pico-sdk/src/rp2_common/hardware_clocks/clocks.c.obj
LOAD CMakeFiles/main.dir/mnt/d/sdk/pico-sdk/src/rp2_common/hardware_pll/pll.c.obj
LOAD CMakeFiles/main.dir/mnt/d/sdk/pico-sdk/src/rp2_common/hardware_vreg/vreg.c.obj
LOAD CMakeFiles/main.dir/mnt/d/sdk/pico-sdk/src/rp2_common/hardware_watchdog/watchdog.c.obj
LOAD CMakeFiles/main.dir/mnt/d/sdk/pico-sdk/src/rp2_common/hardware_xosc/xosc.c.obj
LOAD CMakeFiles/main.dir/mnt/d/sdk/pico-sdk/src/rp2_common/hardware_divider/divider.S.obj
LOAD CMakeFiles/main.dir/mnt/d/sdk/pico-sdk/src/rp2_common/pico_runtime/runtime.c.obj
LOAD CMakeFiles/main.dir/mnt/d/sdk/pico-sdk/src/rp2_common/pico_printf/printf.c.obj
LOAD CMakeFiles/main.dir/mnt/d/sdk/pico-sdk/src/rp2_common/pico_bit_ops/bit_ops_aeabi.S.obj
LOAD CMakeFiles/main.dir/mnt/d/sdk/pico-sdk/src/rp2_common/pico_bootrom/bootrom.c.obj
LOAD CMakeFiles/main.dir/mnt/d/sdk/pico-sdk/src/rp2_common/pico_divider/divider.S.obj
LOAD CMakeFiles/main.dir/mnt/d/sdk/pico-sdk/src/rp2_common/pico_double/double_aeabi.S.obj
LOAD CMakeFiles/main.dir/mnt/d/sdk/pico-sdk/src/rp2_common/pico_double/double_init_rom.c.obj
LOAD CMakeFiles/main.dir/mnt/d/sdk/pico-sdk/src/rp2_common/pico_double/double_math.c.obj
LOAD CMakeFiles/main.dir/mnt/d/sdk/pico-sdk/src/rp2_common/pico_double/double_v1_rom_shim.S.obj
LOAD CMakeFiles/main.dir/mnt/d/sdk/pico-sdk/src/rp2_common/pico_int64_ops/pico_int64_ops_aeabi.S.obj
LOAD CMakeFiles/main.dir/mnt/d/sdk/pico-sdk/src/rp2_common/pico_float/float_aeabi.S.obj
LOAD CMakeFiles/main.dir/mnt/d/sdk/pico-sdk/src/rp2_common/pico_float/float_init_rom.c.obj
LOAD CMakeFiles/main.dir/mnt/d/sdk/pico-sdk/src/rp2_common/pico_float/float_math.c.obj
LOAD CMakeFiles/main.dir/mnt/d/sdk/pico-sdk/src/rp2_common/pico_float/float_v1_rom_shim.S.obj
LOAD CMakeFiles/main.dir/mnt/d/sdk/pico-sdk/src/rp2_common/pico_malloc/pico_malloc.c.obj
LOAD CMakeFiles/main.dir/mnt/d/sdk/pico-sdk/src/rp2_common/pico_mem_ops/mem_ops_aeabi.S.obj
LOAD CMakeFiles/main.dir/mnt/d/sdk/pico-sdk/src/rp2_common/pico_standard_link/crt0.S.obj
LOAD CMakeFiles/main.dir/mnt/d/sdk/pico-sdk/src/rp2_common/pico_standard_link/new_delete.cpp.obj
LOAD CMakeFiles/main.dir/mnt/d/sdk/pico-sdk/src/rp2_common/pico_standard_link/binary_info.c.obj
LOAD CMakeFiles/main.dir/mnt/d/sdk/pico-sdk/src/rp2_common/pico_stdio/stdio.c.obj
LOAD CMakeFiles/main.dir/mnt/d/sdk/pico-sdk/src/rp2_common/pico_stdio_uart/stdio_uart.c.obj
LOAD CMakeFiles/main.dir/mnt/d/sdk/pico-sdk/src/rp2_common/pico_cyw43_arch/cyw43_arch.c.obj
LOAD CMakeFiles/main.dir/mnt/d/sdk/pico-sdk/src/rp2_common/pico_cyw43_arch/cyw43_arch_poll.c.obj
LOAD CMakeFiles/main.dir/mnt/d/sdk/pico-sdk/src/rp2_common/pico_cyw43_arch/cyw43_arch_threadsafe_background.c.obj
LOAD CMakeFiles/main.dir/mnt/d/sdk/pico-sdk/src/rp2_common/pico_cyw43_arch/cyw43_arch_freertos.c.obj
LOAD CMakeFiles/main.dir/mnt/d/sdk/pico-sdk/src/rp2_common/pico_unique_id/unique_id.c.obj
LOAD CMakeFiles/main.dir/mnt/d/sdk/pico-sdk/src/rp2_common/hardware_flash/flash.c.obj
LOAD CMakeFiles/main.dir/mnt/d/sdk/pico-sdk/src/rp2_common/pico_cyw43_driver/cyw43_bus_pio_spi.c.obj
LOAD CMakeFiles/main.dir/mnt/d/sdk/pico-sdk/lib/cyw43-driver/src/cyw43_ll.c.obj
LOAD CMakeFiles/main.dir/mnt/d/sdk/pico-sdk/lib/cyw43-driver/src/cyw43_stats.c.obj
LOAD CMakeFiles/main.dir/mnt/d/sdk/pico-sdk/lib/cyw43-driver/src/cyw43_lwip.c.obj
LOAD CMakeFiles/main.dir/mnt/d/sdk/pico-sdk/lib/cyw43-driver/src/cyw43_ctrl.c.obj
LOAD CMakeFiles/main.dir/mnt/d/sdk/pico-sdk/src/rp2_common/pico_cyw43_driver/cybt_shared_bus/cybt_shared_bus.c.obj
LOAD CMakeFiles/main.dir/mnt/d/sdk/pico-sdk/src/rp2_common/pico_cyw43_driver/cybt_shared_bus/cybt_shared_bus_driver.c.obj
LOAD CMakeFiles/main.dir/mnt/d/sdk/pico-sdk/src/rp2_common/hardware_pio/pio.c.obj
LOAD CMakeFiles/main.dir/mnt/d/sdk/pico-sdk/src/rp2_common/hardware_dma/dma.c.obj
LOAD CMakeFiles/main.dir/mnt/d/sdk/pico-sdk/src/rp2_common/hardware_exception/exception.c.obj
LOAD CMakeFiles/main.dir/mnt/d/sdk/pico-sdk/src/rp2_common/pico_cyw43_driver/cyw43_driver.c.obj
LOAD CMakeFiles/main.dir/mnt/d/sdk/pico-sdk/src/rp2_common/pico_async_context/async_context_threadsafe_background.c.obj
LOAD CMakeFiles/main.dir/mnt/d/sdk/pico-sdk/src/rp2_common/pico_async_context/async_context_base.c.obj
LOAD CMakeFiles/main.dir/mnt/d/sdk/pico-sdk/src/rp2_common/hardware_adc/adc.c.obj
LOAD /tmp/ccB0FBWq.o
LOAD /usr/lib/gcc/arm-none-eabi/12.2.1/../../../arm-none-eabi/lib/thumb/v6-m/nofp/libstdc++.a
LOAD /usr/lib/gcc/arm-none-eabi/12.2.1/../../../arm-none-eabi/lib/thumb/v6-m/nofp/libm.a
START GROUP
LOAD /usr/lib/gcc/arm-none-eabi/12.2.1/thumb/v6-m/nofp/libgcc.a
LOAD /usr/lib/gcc/arm-none-eabi/12.2.1/../../../arm-none-eabi/lib/thumb/v6-m/nofp/libc.a
END GROUP
START GROUP
LOAD /usr/lib/gcc/arm-none-eabi/12.2.1/thumb/v6-m/nofp/libgcc.a
LOAD /usr/lib/gcc/arm-none-eabi/12.2.1/../../../arm-none-eabi/lib/thumb/v6-m/nofp/libc.a
LOAD /usr/lib/gcc/arm-none-eabi/12.2.1/../../../arm-none-eabi/lib/thumb/v6-m/nofp/libnosys.a
END GROUP
LOAD /usr/lib/gcc/arm-none-eabi/12.2.1/thumb/v6-m/nofp/crtend.o
LOAD /usr/lib/gcc/arm-none-eabi/12.2.1/thumb/v6-m/nofp/crtn.o
OUTPUT(main.elf elf32-littlearm)
LOAD linker stubs

.ARM.attributes
                0x00000000       0x28
 .ARM.attributes
                0x00000000       0x1e /usr/lib/gcc/arm-none-eabi/12.2.1/thumb/v6-m/nofp/crti.o
 .ARM.attributes
                0x0000001e       0x2c /usr/lib/gcc/arm-none-eabi/12.2.1/thumb/v6-m/nofp/crtbegin.o
 .ARM.attributes
                0x0000004a       0x2c CMakeFiles/main.dir/main.c.obj
 .ARM.attributes
                0x00000076       0x2c CMakeFiles/main.dir/soundctrl.c.obj
 .ARM.attributes
                0x000000a2       0x2c CMakeFiles/main.dir/mnt/d/sdk/pico-sdk/src/rp2_common/hardware_gpio/gpio.c.obj
 .ARM.attributes
                0x000000ce       0x2c CMakeFiles/main.dir/mnt/d/sdk/pico-sdk/src/rp2_common/pico_platform/platform.c.obj
 .ARM.attributes
                0x000000fa       0x2c CMakeFiles/main.dir/mnt/d/sdk/pico-sdk/src/rp2_common/hardware_claim/claim.c.obj
 .ARM.attributes
                0x00000126       0x2c CMakeFiles/main.dir/mnt/d/sdk/pico-sdk/src/rp2_common/hardware_sync/sync.c.obj
 .ARM.attributes
                0x00000152       0x2c CMakeFiles/main.dir/mnt/d/sdk/pico-sdk/src/rp2_common/hardware_irq/irq.c.obj
 .ARM.attributes
                0x0000017e       0x22 CMakeFiles/main.dir/mnt/d/sdk/pico-sdk/src/rp2_common/hardware_irq/irq_handler_chain.S.obj
 .ARM.attributes
                0x000001a0       0x2c CMakeFiles/main.dir/mnt/d/sdk/pico-sdk/src/common/pico_sync/sem.c.obj
 .ARM.attributes
                0x000001cc       0x2c CMakeFiles/main.dir/mnt/d/sdk/pico-sdk/src/common/pico_sync/lock_core.c.obj
 .ARM.attributes
                0x000001f8       0x2c CMakeFiles/main.dir/mnt/d/sdk/pico-sdk/src/common/pico_sync/mutex.c.obj
 .ARM.attributes
                0x00000224       0x2c CMakeFiles/main.dir/mnt/d/sdk/pico-sdk/src/common/pico_time/time.c.obj
 .ARM.attributes
                0x00000250       0x2c CMakeFiles/main.dir/mnt/d/sdk/pico-sdk/src/rp2_common/hardware_timer/timer.c.obj
 .ARM.attributes
                0x0000027c       0x2c CMakeFiles/main.dir/mnt/d/sdk/pico-sdk/src/common/pico_util/pheap.c.obj
 .ARM.attributes
                0x000002a8       0x2c CMakeFiles/main.dir/mnt/d/sdk/pico-sdk/src/rp2_common/hardware_uart/uart.c.obj
 .ARM.attributes
                0x000002d4       0x2c CMakeFiles/main.dir/mnt/d/sdk/pico-sdk/src/rp2_common/hardware_clocks/clocks.c.obj
 .ARM.attributes
                0x00000300       0x2c CMakeFiles/main.dir/mnt/d/sdk/pico-sdk/src/rp2_common/hardware_pll/pll.c.obj
 .ARM.attributes
                0x0000032c       0x2c CMakeFiles/main.dir/mnt/d/sdk/pico-sdk/src/rp2_common/hardware_watchdog/watchdog.c.obj
 .ARM.attributes
                0x00000358       0x2c CMakeFiles/main.dir/mnt/d/sdk/pico-sdk/src/rp2_common/hardware_xosc/xosc.c.obj
 .ARM.attributes
                0x00000384       0x2c CMakeFiles/main.dir/mnt/d/sdk/pico-sdk/src/rp2_common/pico_runtime/runtime.c.obj
 .ARM.attributes
                0x000003b0       0x2c CMakeFiles/main.dir/mnt/d/sdk/pico-sdk/src/rp2_common/pico_printf/printf.c.obj
 .ARM.attributes
                0x000003dc       0x22 CMakeFiles/main.dir/mnt/d/sdk/pico-sdk/src/rp2_common/pico_bit_ops/bit_ops_aeabi.S.obj
 .ARM.attributes
                0x000003fe       0x2c CMakeFiles/main.dir/mnt/d/sdk/pico-sdk/src/rp2_common/pico_bootrom/bootrom.c.obj
 .ARM.attributes
                0x0000042a       0x22 CMakeFiles/main.dir/mnt/d/sdk/pico-sdk/src/rp2_common/pico_divider/divider.S.obj
 .ARM.attributes
                0x0000044c       0x22 CMakeFiles/main.dir/mnt/d/sdk/pico-sdk/src/rp2_common/pico_double/double_aeabi.S.obj
 .ARM.attributes
                0x0000046e       0x2c CMakeFiles/main.dir/mnt/d/sdk/pico-sdk/src/rp2_common/pico_double/double_init_rom.c.obj
 .ARM.attributes
                0x0000049a       0x22 CMakeFiles/main.dir/mnt/d/sdk/pico-sdk/src/rp2_common/pico_double/double_v1_rom_shim.S.obj
 .ARM.attributes
                0x000004bc       0x22 CMakeFiles/main.dir/mnt/d/sdk/pico-sdk/src/rp2_common/pico_int64_ops/pico_int64_ops_aeabi.S.obj
 .ARM.attributes
                0x000004de       0x22 CMakeFiles/main.dir/mnt/d/sdk/pico-sdk/src/rp2_common/pico_float/float_aeabi.S.obj
 .ARM.attributes
                0x00000500       0x2c CMakeFiles/main.dir/mnt/d/sdk/pico-sdk/src/rp2_common/pico_float/float_init_rom.c.obj
 .ARM.attributes
                0x0000052c       0x22 CMakeFiles/main.dir/mnt/d/sdk/pico-sdk/src/rp2_common/pico_mem_ops/mem_ops_aeabi.S.obj
 .ARM.attributes
                0x0000054e       0x22 CMakeFiles/main.dir/mnt/d/sdk/pico-sdk/src/rp2_common/pico_standard_link/crt0.S.obj
 .ARM.attributes
                0x00000570       0x2c CMakeFiles/main.dir/mnt/d/sdk/pico-sdk/src/rp2_common/pico_standard_link/binary_info.c.obj
 .ARM.attributes
                0x0000059c       0x2c CMakeFiles/main.dir/mnt/d/sdk/pico-sdk/src/rp2_common/pico_stdio/stdio.c.obj
 .ARM.attributes
                0x000005c8       0x2c CMakeFiles/main.dir/mnt/d/sdk/pico-sdk/src/rp2_common/pico_stdio_uart/stdio_uart.c.obj
 .ARM.attributes
                0x000005f4       0x2c CMakeFiles/main.dir/mnt/d/sdk/pico-sdk/src/rp2_common/pico_cyw43_arch/cyw43_arch.c.obj
 .ARM.attributes
                0x00000620       0x2c CMakeFiles/main.dir/mnt/d/sdk/pico-sdk/src/rp2_common/pico_cyw43_arch/cyw43_arch_threadsafe_background.c.obj
 .ARM.attributes
                0x0000064c       0x2c CMakeFiles/main.dir/mnt/d/sdk/pico-sdk/src/rp2_common/pico_unique_id/unique_id.c.obj
 .ARM.attributes
                0x00000678       0x2c CMakeFiles/main.dir/mnt/d/sdk/pico-sdk/src/rp2_common/hardware_flash/flash.c.obj
 .ARM.attributes
                0x000006a4       0x2c CMakeFiles/main.dir/mnt/d/sdk/pico-sdk/src/rp2_common/pico_cyw43_driver/cyw43_bus_pio_spi.c.obj
 .ARM.attributes
                0x000006d0       0x2c CMakeFiles/main.dir/mnt/d/sdk/pico-sdk/lib/cyw43-driver/src/cyw43_ll.c.obj
 .ARM.attributes
                0x000006fc       0x2c CMakeFiles/main.dir/mnt/d/sdk/pico-sdk/lib/cyw43-driver/src/cyw43_ctrl.c.obj
 .ARM.attributes
                0x00000728       0x2c CMakeFiles/main.dir/mnt/d/sdk/pico-sdk/src/rp2_common/hardware_pio/pio.c.obj
 .ARM.attributes
                0x00000754       0x2c CMakeFiles/main.dir/mnt/d/sdk/pico-sdk/src/rp2_common/hardware_dma/dma.c.obj
 .ARM.attributes
                0x00000780       0x2c CMakeFiles/main.dir/mnt/d/sdk/pico-sdk/src/rp2_common/pico_cyw43_driver/cyw43_driver.c.obj
 .ARM.attributes
                0x000007ac       0x2c CMakeFiles/main.dir/mnt/d/sdk/pico-sdk/src/rp2_common/pico_async_context/async_context_threadsafe_background.c.obj
 .ARM.attributes
                0x000007d8       0x2c CMakeFiles/main.dir/mnt/d/sdk/pico-sdk/src/rp2_common/pico_async_context/async_context_base.c.obj
 .ARM.attributes
                0x00000804       0x22 /tmp/ccB0FBWq.o
 .ARM.attributes
                0x00000826       0x1e /usr/lib/gcc/arm-none-eabi/12.2.1/thumb/v6-m/nofp/libgcc.a(_dvmd_tls.o)
 .ARM.attributes
                0x00000844       0x2c /usr/lib/gcc/arm-none-eabi/12.2.1/../../../arm-none-eabi/lib/thumb/v6-m/nofp/libc.a(lib_a-memmove.o)
 .ARM.attributes
                0x00000870       0x2c /usr/lib/gcc/arm-none-eabi/12.2.1/../../../arm-none-eabi/lib/thumb/v6-m/nofp/libc.a(lib_a-strlen-stub.o)
 .ARM.attributes
                0x0000089c       0x2c /usr/lib/gcc/arm-none-eabi/12.2.1/../../../arm-none-eabi/lib/thumb/v6-m/nofp/libc.a(lib_a-strncmp.o)
 .ARM.attributes
                0x000008c8       0x2c /usr/lib/gcc/arm-none-eabi/12.2.1/thumb/v6-m/nofp/crtend.o

.comment        0x00000000       0x59
 .comment       0x00000000       0x59 /usr/lib/gcc/arm-none-eabi/12.2.1/thumb/v6-m/nofp/crtbegin.o
                                 0x27 (size before relaxing)
 .comment       0x00000059       0x27 CMakeFiles/main.dir/main.c.obj
 .comment       0x00000059       0x27 CMakeFiles/main.dir/soundctrl.c.obj
 .comment       0x00000059       0x27 CMakeFiles/main.dir/mnt/d/sdk/pico-sdk/src/rp2_common/hardware_gpio/gpio.c.obj
 .comment       0x00000059       0x27 CMakeFiles/main.dir/mnt/d/sdk/pico-sdk/src/rp2_common/pico_platform/platform.c.obj
 .comment       0x00000059       0x27 CMakeFiles/main.dir/mnt/d/sdk/pico-sdk/src/rp2_common/hardware_claim/claim.c.obj
 .comment       0x00000059       0x27 CMakeFiles/main.dir/mnt/d/sdk/pico-sdk/src/rp2_common/hardware_sync/sync.c.obj
 .comment       0x00000059       0x27 CMakeFiles/main.dir/mnt/d/sdk/pico-sdk/src/rp2_common/hardware_irq/irq.c.obj
 .comment       0x00000059       0x27 CMakeFiles/main.dir/mnt/d/sdk/pico-sdk/src/common/pico_sync/sem.c.obj
 .comment       0x00000059       0x27 CMakeFiles/main.dir/mnt/d/sdk/pico-sdk/src/common/pico_sync/lock_core.c.obj
 .comment       0x00000059       0x27 CMakeFiles/main.dir/mnt/d/sdk/pico-sdk/src/common/pico_sync/mutex.c.obj
 .comment       0x00000059       0x27 CMakeFiles/main.dir/mnt/d/sdk/pico-sdk/src/common/pico_time/time.c.obj
 .comment       0x00000059       0x27 CMakeFiles/main.dir/mnt/d/sdk/pico-sdk/src/rp2_common/hardware_timer/timer.c.obj
 .comment       0x00000059       0x27 CMakeFiles/main.dir/mnt/d/sdk/pico-sdk/src/common/pico_util/pheap.c.obj
 .comment       0x00000059       0x27 CMakeFiles/main.dir/mnt/d/sdk/pico-sdk/src/rp2_common/hardware_uart/uart.c.obj
 .comment       0x00000059       0x27 CMakeFiles/main.dir/mnt/d/sdk/pico-sdk/src/rp2_common/hardware_clocks/clocks.c.obj
 .comment       0x00000059       0x27 CMakeFiles/main.dir/mnt/d/sdk/pico-sdk/src/rp2_common/hardware_pll/pll.c.obj
 .comment       0x00000059       0x27 CMakeFiles/main.dir/mnt/d/sdk/pico-sdk/src/rp2_common/hardware_watchdog/watchdog.c.obj
 .comment       0x00000059       0x27 CMakeFiles/main.dir/mnt/d/sdk/pico-sdk/src/rp2_common/hardware_xosc/xosc.c.obj
 .comment       0x00000059       0x27 CMakeFiles/main.dir/mnt/d/sdk/pico-sdk/src/rp2_common/pico_runtime/runtime.c.obj
 .comment       0x00000059       0x27 CMakeFiles/main.dir/mnt/d/sdk/pico-sdk/src/rp2_common/pico_printf/printf.c.obj
 .comment       0x00000059       0x27 CMakeFiles/main.dir/mnt/d/sdk/pico-sdk/src/rp2_common/pico_bootrom/bootrom.c.obj
 .comment       0x00000059       0x27 CMakeFiles/main.dir/mnt/d/sdk/pico-sdk/src/rp2_common/pico_double/double_init_rom.c.obj
 .comment       0x00000059       0x27 CMakeFiles/main.dir/mnt/d/sdk/pico-sdk/src/rp2_common/pico_float/float_init_rom.c.obj
 .comment       0x00000059       0x27 CMakeFiles/main.dir/mnt/d/sdk/pico-sdk/src/rp2_common/pico_standard_link/binary_info.c.obj
 .comment       0x00000059       0x27 CMakeFiles/main.dir/mnt/d/sdk/pico-sdk/src/rp2_common/pico_stdio/stdio.c.obj
 .comment       0x00000059       0x27 CMakeFiles/main.dir/mnt/d/sdk/pico-sdk/src/rp2_common/pico_stdio_uart/stdio_uart.c.obj
 .comment       0x00000059       0x27 CMakeFiles/main.dir/mnt/d/sdk/pico-sdk/src/rp2_common/pico_cyw43_arch/cyw43_arch.c.obj
 .comment       0x00000059       0x27 CMakeFiles/main.dir/mnt/d/sdk/pico-sdk/src/rp2_common/pico_cyw43_arch/cyw43_arch_threadsafe_background.c.obj
 .comment       0x00000059       0x27 CMakeFiles/main.dir/mnt/d/sdk/pico-sdk/src/rp2_common/pico_unique_id/unique_id.c.obj
 .comment       0x00000059       0x27 CMakeFiles/main.dir/mnt/d/sdk/pico-sdk/src/rp2_common/hardware_flash/flash.c.obj
 .comment       0x00000059       0x27 CMakeFiles/main.dir/mnt/d/sdk/pico-sdk/src/rp2_common/pico_cyw43_driver/cyw43_bus_pio_spi.c.obj
 .comment       0x00000059       0x27 CMakeFiles/main.dir/mnt/d/sdk/pico-sdk/lib/cyw43-driver/src/cyw43_ll.c.obj
 .comment       0x00000059       0x27 CMakeFiles/main.dir/mnt/d/sdk/pico-sdk/lib/cyw43-driver/src/cyw43_ctrl.c.obj
 .comment       0x00000059       0x27 CMakeFiles/main.dir/mnt/d/sdk/pico-sdk/src/rp2_common/hardware_pio/pio.c.obj
 .comment       0x00000059       0x27 CMakeFiles/main.dir/mnt/d/sdk/pico-sdk/src/rp2_common/hardware_dma/dma.c.obj